Archive member included to satisfy reference by file (symbol)

/usr/lib/gcc-cross/arm-linux-gnueabi/5/libgcc.a(_udivsi3.o)
                              ./conversion.o (__aeabi_uidiv)
/usr/lib/gcc-cross/arm-linux-gnueabi/5/libgcc.a(_dvmd_lnx.o)
                              /usr/lib/gcc-cross/arm-linux-gnueabi/5/libgcc.a(_udivsi3.o) (__aeabi_idiv0)
/usr/arm-linux-gnueabi/lib/libc_nonshared.a(elf-init.oS)
                              /usr/lib/gcc-cross/arm-linux-gnueabi/5/../../../../arm-linux-gnueabi/lib/../lib/crt1.o (__libc_csu_init)

Discarded input sections

 .note.GNU-stack
                0x0000000000000000        0x0 /usr/lib/gcc-cross/arm-linux-gnueabi/5/../../../../arm-linux-gnueabi/lib/../lib/crt1.o
 .note.GNU-stack
                0x0000000000000000        0x0 /usr/lib/gcc-cross/arm-linux-gnueabi/5/../../../../arm-linux-gnueabi/lib/../lib/crti.o
 .note.GNU-stack
                0x0000000000000000        0x0 /usr/lib/gcc-cross/arm-linux-gnueabi/5/crtbegin.o
 .note.GNU-stack
                0x0000000000000000        0x0 ./data1.o
 .note.GNU-stack
                0x0000000000000000        0x0 ./debug.o
 .note.GNU-stack
                0x0000000000000000        0x0 ./memory.o
 .note.GNU-stack
                0x0000000000000000        0x0 ./conversion.o
 .note.GNU-stack
                0x0000000000000000        0x0 ./main.o
 .note.GNU-stack
                0x0000000000000000        0x0 ./circbuf.o
 .note.GNU-stack
                0x0000000000000000        0x0 ./project3.o
 .note.GNU-stack
                0x0000000000000000        0x0 ./mem_profiler_bbb.o
 .note.GNU-stack
                0x0000000000000000        0x0 /usr/lib/gcc-cross/arm-linux-gnueabi/5/libgcc.a(_udivsi3.o)
 .note.GNU-stack
                0x0000000000000000        0x0 /usr/lib/gcc-cross/arm-linux-gnueabi/5/libgcc.a(_dvmd_lnx.o)
 .note.GNU-stack
                0x0000000000000000        0x0 /usr/arm-linux-gnueabi/lib/libc_nonshared.a(elf-init.oS)
 .note.GNU-stack
                0x0000000000000000        0x0 /usr/lib/gcc-cross/arm-linux-gnueabi/5/crtend.o
 .note.GNU-stack
                0x0000000000000000        0x0 /usr/lib/gcc-cross/arm-linux-gnueabi/5/../../../../arm-linux-gnueabi/lib/../lib/crtn.o

Memory Configuration

Name             Origin             Length             Attributes
*default*        0x0000000000000000 0xffffffffffffffff

Linker script and memory map

LOAD /usr/lib/gcc-cross/arm-linux-gnueabi/5/../../../../arm-linux-gnueabi/lib/../lib/crt1.o
LOAD /usr/lib/gcc-cross/arm-linux-gnueabi/5/../../../../arm-linux-gnueabi/lib/../lib/crti.o
LOAD /usr/lib/gcc-cross/arm-linux-gnueabi/5/crtbegin.o
LOAD ./data1.o
LOAD ./debug.o
LOAD ./memory.o
LOAD ./conversion.o
LOAD ./main.o
LOAD ./circbuf.o
LOAD ./project3.o
LOAD ./mem_profiler_bbb.o
LOAD /usr/lib/gcc-cross/arm-linux-gnueabi/5/libgcc.a
LOAD /usr/lib/gcc-cross/arm-linux-gnueabi/5/libgcc_s.so
START GROUP
LOAD /usr/lib/gcc-cross/arm-linux-gnueabi/5/libgcc_s.so.1
LOAD /usr/lib/gcc-cross/arm-linux-gnueabi/5/libgcc.a
END GROUP
LOAD /usr/lib/gcc-cross/arm-linux-gnueabi/5/../../../../arm-linux-gnueabi/lib/../lib/libc.so
START GROUP
LOAD /usr/arm-linux-gnueabi/lib/libc.so.6
LOAD /usr/arm-linux-gnueabi/lib/libc_nonshared.a
LOAD /usr/arm-linux-gnueabi/lib/ld-linux.so.3
END GROUP
LOAD /usr/lib/gcc-cross/arm-linux-gnueabi/5/libgcc.a
LOAD /usr/lib/gcc-cross/arm-linux-gnueabi/5/libgcc_s.so
START GROUP
LOAD /usr/lib/gcc-cross/arm-linux-gnueabi/5/libgcc_s.so.1
LOAD /usr/lib/gcc-cross/arm-linux-gnueabi/5/libgcc.a
END GROUP
LOAD /usr/lib/gcc-cross/arm-linux-gnueabi/5/crtend.o
LOAD /usr/lib/gcc-cross/arm-linux-gnueabi/5/../../../../arm-linux-gnueabi/lib/../lib/crtn.o
                [!provide]                        PROVIDE (__executable_start, 0x10000)
                0x0000000000010154                . = (0x10000 + SIZEOF_HEADERS)

.interp         0x0000000000010154       0x13
 *(.interp)
 .interp        0x0000000000010154       0x13 /usr/lib/gcc-cross/arm-linux-gnueabi/5/../../../../arm-linux-gnueabi/lib/../lib/crt1.o

.note.ABI-tag   0x0000000000010168       0x20
 .note.ABI-tag  0x0000000000010168       0x20 /usr/lib/gcc-cross/arm-linux-gnueabi/5/../../../../arm-linux-gnueabi/lib/../lib/crt1.o

.note.gnu.build-id
                0x0000000000010188       0x24
 *(.note.gnu.build-id)
 .note.gnu.build-id
                0x0000000000010188       0x24 linker stubs

.hash
 *(.hash)

.gnu.hash       0x00000000000101ac       0x4c
 *(.gnu.hash)
 .gnu.hash      0x00000000000101ac       0x4c /usr/lib/gcc-cross/arm-linux-gnueabi/5/../../../../arm-linux-gnueabi/lib/../lib/crt1.o

.dynsym         0x00000000000101f8       0xc0
 *(.dynsym)
 .dynsym        0x00000000000101f8       0xc0 /usr/lib/gcc-cross/arm-linux-gnueabi/5/../../../../arm-linux-gnueabi/lib/../lib/crt1.o

.dynstr         0x00000000000102b8       0x77
 *(.dynstr)
 .dynstr        0x00000000000102b8       0x77 /usr/lib/gcc-cross/arm-linux-gnueabi/5/../../../../arm-linux-gnueabi/lib/../lib/crt1.o

.gnu.version    0x0000000000010330       0x18
 *(.gnu.version)
 .gnu.version   0x0000000000010330       0x18 /usr/lib/gcc-cross/arm-linux-gnueabi/5/../../../../arm-linux-gnueabi/lib/../lib/crt1.o

.gnu.version_d  0x0000000000010348        0x0
 *(.gnu.version_d)
 .gnu.version_d
                0x0000000000010348        0x0 /usr/lib/gcc-cross/arm-linux-gnueabi/5/../../../../arm-linux-gnueabi/lib/../lib/crt1.o

.gnu.version_r  0x0000000000010348       0x20
 *(.gnu.version_r)
 .gnu.version_r
                0x0000000000010348       0x20 /usr/lib/gcc-cross/arm-linux-gnueabi/5/../../../../arm-linux-gnueabi/lib/../lib/crt1.o

.rel.dyn        0x0000000000010368        0x8
 *(.rel.init)
 *(.rel.text .rel.text.* .rel.gnu.linkonce.t.*)
 *(.rel.fini)
 *(.rel.rodata .rel.rodata.* .rel.gnu.linkonce.r.*)
 *(.rel.data.rel.ro .rel.data.rel.ro.* .rel.gnu.linkonce.d.rel.ro.*)
 *(.rel.data .rel.data.* .rel.gnu.linkonce.d.*)
 *(.rel.tdata .rel.tdata.* .rel.gnu.linkonce.td.*)
 *(.rel.tbss .rel.tbss.* .rel.gnu.linkonce.tb.*)
 *(.rel.ctors)
 *(.rel.dtors)
 *(.rel.got)
 .rel.got       0x0000000000010368        0x8 /usr/lib/gcc-cross/arm-linux-gnueabi/5/../../../../arm-linux-gnueabi/lib/../lib/crt1.o
 *(.rel.bss .rel.bss.* .rel.gnu.linkonce.b.*)
 .rel.bss       0x0000000000010370        0x0 /usr/lib/gcc-cross/arm-linux-gnueabi/5/../../../../arm-linux-gnueabi/lib/../lib/crt1.o
                [!provide]                        PROVIDE (__rel_iplt_start, .)
 *(.rel.iplt)
 .rel.iplt      0x0000000000010370        0x0 /usr/lib/gcc-cross/arm-linux-gnueabi/5/../../../../arm-linux-gnueabi/lib/../lib/crt1.o
                [!provide]                        PROVIDE (__rel_iplt_end, .)

.rela.dyn       0x0000000000010370        0x0
 *(.rela.init)
 *(.rela.text .rela.text.* .rela.gnu.linkonce.t.*)
 *(.rela.fini)
 *(.rela.rodata .rela.rodata.* .rela.gnu.linkonce.r.*)
 *(.rela.data .rela.data.* .rela.gnu.linkonce.d.*)
 *(.rela.tdata .rela.tdata.* .rela.gnu.linkonce.td.*)
 *(.rela.tbss .rela.tbss.* .rela.gnu.linkonce.tb.*)
 *(.rela.ctors)
 *(.rela.dtors)
 *(.rela.got)
 *(.rela.bss .rela.bss.* .rela.gnu.linkonce.b.*)
                [!provide]                        PROVIDE (__rela_iplt_start, .)
 *(.rela.iplt)
                [!provide]                        PROVIDE (__rela_iplt_end, .)

.rel.plt        0x0000000000010370       0x58
 *(.rel.plt)
 .rel.plt       0x0000000000010370       0x58 /usr/lib/gcc-cross/arm-linux-gnueabi/5/../../../../arm-linux-gnueabi/lib/../lib/crt1.o

.rela.plt
 *(.rela.plt)

.init           0x00000000000103c8        0xc
 *(SORT(.init))
 .init          0x00000000000103c8        0x8 /usr/lib/gcc-cross/arm-linux-gnueabi/5/../../../../arm-linux-gnueabi/lib/../lib/crti.o
                0x00000000000103c8                _init
 .init          0x00000000000103d0        0x4 /usr/lib/gcc-cross/arm-linux-gnueabi/5/../../../../arm-linux-gnueabi/lib/../lib/crtn.o

.plt            0x00000000000103d4       0x98
 *(.plt)
 .plt           0x00000000000103d4       0x98 /usr/lib/gcc-cross/arm-linux-gnueabi/5/../../../../arm-linux-gnueabi/lib/../lib/crt1.o
                0x00000000000103e8                raise@@GLIBC_2.4
                0x00000000000103f4                memmove@@GLIBC_2.4
                0x0000000000010400                free@@GLIBC_2.4
                0x000000000001040c                memcpy@@GLIBC_2.4
                0x0000000000010418                malloc@@GLIBC_2.4
                0x0000000000010424                __libc_start_main@@GLIBC_2.4
                0x000000000001043c                clock@@GLIBC_2.4
                0x0000000000010448                memset@@GLIBC_2.4
                0x0000000000010454                __printf_chk@@GLIBC_2.4
                0x0000000000010460                abort@@GLIBC_2.4

.iplt           0x000000000001046c        0x0
 *(.iplt)
 .iplt          0x000000000001046c        0x0 /usr/lib/gcc-cross/arm-linux-gnueabi/5/../../../../arm-linux-gnueabi/lib/../lib/crt1.o

.text           0x000000000001046c     0x10b8
 *(.text.unlikely .text.*_unlikely .text.unlikely.*)
 *(.text.exit .text.exit.*)
 *(.text.startup .text.startup.*)
 .text.startup  0x000000000001046c       0x10 ./main.o
                0x000000000001046c                main
 *(.text.hot .text.hot.*)
 *(.text .stub .text.* .gnu.linkonce.t.*)
 .text          0x000000000001047c       0x3c /usr/lib/gcc-cross/arm-linux-gnueabi/5/../../../../arm-linux-gnueabi/lib/../lib/crt1.o
                0x000000000001047c                _start
 .text          0x00000000000104b8       0x24 /usr/lib/gcc-cross/arm-linux-gnueabi/5/../../../../arm-linux-gnueabi/lib/../lib/crti.o
 .text          0x00000000000104dc       0xc8 /usr/lib/gcc-cross/arm-linux-gnueabi/5/crtbegin.o
 .text          0x00000000000105a4      0x36c ./data1.o
                0x00000000000105a4                print_cstd_type_sizes
                0x000000000001069c                print_stdint_type_sizes
                0x00000000000107bc                print_pointer_sizes
                0x00000000000108c8                swap_data_endianness
                0x0000000000010908                determine_endianness
 .text          0x0000000000010910       0x50 ./debug.o
                0x0000000000010910                print_array
 .text          0x0000000000010960      0x17c ./memory.o
                0x0000000000010960                my_memmove
                0x00000000000109bc                my_memcpy
                0x0000000000010a0c                my_memset
                0x0000000000010a38                my_memzero
                0x0000000000010a70                my_reverse
                0x0000000000010ac0                reserve_words
                0x0000000000010acc                free_words
 .text          0x0000000000010adc      0x13c ./conversion.o
                0x0000000000010adc                my_itoa
                0x0000000000010b90                my_atoi
 .text          0x0000000000010c18        0x0 ./main.o
 .text          0x0000000000010c18      0x314 ./circbuf.o
                0x0000000000010c18                CB_init
                0x0000000000010c7c                CB_destroy
                0x0000000000010cbc                CB_buffer_add_item
                0x0000000000010d64                CB_buffer_remove_item
                0x0000000000010e18                CB_is_full
                0x0000000000010e64                CB_is_empty
                0x0000000000010eb0                CB_peek
 .text          0x0000000000010f2c      0x190 ./project3.o
                0x0000000000010f2c                project3
 .text          0x00000000000110bc      0x1e8 ./mem_profiler_bbb.o
                0x00000000000110bc                profiler_my_memset_bbb
                0x0000000000011120                profiler_my_memmove_bbb
                0x00000000000111b0                profiler_stdlib_memmove_bbb
                0x0000000000011240                profiler_stdlib_memset_bbb
 .text          0x00000000000112a4      0x20c /usr/lib/gcc-cross/arm-linux-gnueabi/5/libgcc.a(_udivsi3.o)
                0x00000000000112a4                __aeabi_uidiv
                0x00000000000112a4                __udivsi3
                0x0000000000011490                __aeabi_uidivmod
 .text          0x00000000000114b0       0x10 /usr/lib/gcc-cross/arm-linux-gnueabi/5/libgcc.a(_dvmd_lnx.o)
                0x00000000000114b0                __aeabi_ldiv0
                0x00000000000114b0                __aeabi_idiv0
 .text          0x00000000000114c0       0x64 /usr/arm-linux-gnueabi/lib/libc_nonshared.a(elf-init.oS)
                0x00000000000114c0                __libc_csu_init
                0x0000000000011520                __libc_csu_fini
 .text          0x0000000000011524        0x0 /usr/lib/gcc-cross/arm-linux-gnueabi/5/crtend.o
 .text          0x0000000000011524        0x0 /usr/lib/gcc-cross/arm-linux-gnueabi/5/../../../../arm-linux-gnueabi/lib/../lib/crtn.o
 *(.gnu.warning)
 *(.glue_7t)
 .glue_7t       0x0000000000011524        0x0 linker stubs
 *(.glue_7)
 .glue_7        0x0000000000011524        0x0 linker stubs
 *(.vfp11_veneer)
 .vfp11_veneer  0x0000000000011524        0x0 linker stubs
 *(.v4_bx)
 .v4_bx         0x0000000000011524        0x0 linker stubs

.fini           0x0000000000011524        0x8
 *(SORT(.fini))
 .fini          0x0000000000011524        0x4 /usr/lib/gcc-cross/arm-linux-gnueabi/5/../../../../arm-linux-gnueabi/lib/../lib/crti.o
                0x0000000000011524                _fini
 .fini          0x0000000000011528        0x4 /usr/lib/gcc-cross/arm-linux-gnueabi/5/../../../../arm-linux-gnueabi/lib/../lib/crtn.o
                [!provide]                        PROVIDE (__etext, .)
                [!provide]                        PROVIDE (_etext, .)
                [!provide]                        PROVIDE (etext, .)

.rodata         0x000000000001152c      0x608
 *(.rodata .rodata.* .gnu.linkonce.r.*)
 .rodata.cst4   0x000000000001152c        0x4 /usr/lib/gcc-cross/arm-linux-gnueabi/5/../../../../arm-linux-gnueabi/lib/../lib/crt1.o
                0x000000000001152c                _IO_stdin_used
 .rodata.str1.4
                0x0000000000011530      0x240 ./data1.o
 .rodata.str1.4
                0x0000000000011770        0x4 ./debug.o
                                          0x8 (size before relaxing)
 .rodata.str1.4
                0x0000000000011774      0x245 ./project3.o
 *fill*         0x00000000000119b9        0x3 
 .rodata.str1.4
                0x00000000000119bc      0x178 ./mem_profiler_bbb.o
                                        0x176 (size before relaxing)

.rodata1
 *(.rodata1)

.ARM.extab      0x0000000000011b34        0x0
 *(.ARM.extab* .gnu.linkonce.armextab.*)
 .ARM.extab     0x0000000000011b34        0x0 /usr/lib/gcc-cross/arm-linux-gnueabi/5/../../../../arm-linux-gnueabi/lib/../lib/crt1.o
                [!provide]                        PROVIDE (__exidx_start, .)

.ARM.exidx      0x0000000000011b34        0x8
 *(.ARM.exidx* .gnu.linkonce.armexidx.*)
 .ARM.exidx     0x0000000000011b34        0x8 /usr/lib/gcc-cross/arm-linux-gnueabi/5/../../../../arm-linux-gnueabi/lib/../lib/crt1.o
                [!provide]                        PROVIDE (__exidx_end, .)

.eh_frame_hdr
 *(.eh_frame_hdr)
 *(.eh_frame_entry .eh_frame_entry.*)

.eh_frame       0x0000000000011b3c        0x4
 *(.eh_frame)
 .eh_frame      0x0000000000011b3c        0x4 /usr/lib/gcc-cross/arm-linux-gnueabi/5/crtend.o
 *(.eh_frame.*)

.gcc_except_table
 *(.gcc_except_table .gcc_except_table.*)

.gnu_extab
 *(.gnu_extab*)

.exception_ranges
 *(.exception_ranges .exception_ranges*)
                0x0000000000021f0c                . = DATA_SEGMENT_ALIGN (0x10000, 0x1000)

.eh_frame
 *(.eh_frame)
 *(.eh_frame.*)

.gnu_extab
 *(.gnu_extab)

.gcc_except_table
 *(.gcc_except_table .gcc_except_table.*)

.exception_ranges
 *(.exception_ranges .exception_ranges*)

.tdata
 *(.tdata .tdata.* .gnu.linkonce.td.*)

.tbss
 *(.tbss .tbss.* .gnu.linkonce.tb.*)
 *(.tcommon)

.preinit_array  0x0000000000021f0c        0x0
                [!provide]                        PROVIDE (__preinit_array_start, .)
 *(.preinit_array)
                [!provide]                        PROVIDE (__preinit_array_end, .)

.init_array     0x0000000000021f0c        0x4
                0x0000000000021f0c                PROVIDE (__init_array_start, .)
 *(SORT(.init_array.*) SORT(.ctors.*))
 *(.init_array EXCLUDE_FILE(*crtend?.o *crtend.o *crtbegin?.o *crtbegin.o) .ctors)
 .init_array    0x0000000000021f0c        0x4 /usr/lib/gcc-cross/arm-linux-gnueabi/5/crtbegin.o
                0x0000000000021f10                PROVIDE (__init_array_end, .)

.fini_array     0x0000000000021f10        0x4
                [!provide]                        PROVIDE (__fini_array_start, .)
 *(SORT(.fini_array.*) SORT(.dtors.*))
 *(.fini_array EXCLUDE_FILE(*crtend?.o *crtend.o *crtbegin?.o *crtbegin.o) .dtors)
 .fini_array    0x0000000000021f10        0x4 /usr/lib/gcc-cross/arm-linux-gnueabi/5/crtbegin.o
                [!provide]                        PROVIDE (__fini_array_end, .)

.ctors
 *crtbegin.o(.ctors)
 *crtbegin?.o(.ctors)
 *(EXCLUDE_FILE(*crtend?.o *crtend.o) .ctors)
 *(SORT(.ctors.*))
 *(.ctors)

.dtors
 *crtbegin.o(.dtors)
 *crtbegin?.o(.dtors)
 *(EXCLUDE_FILE(*crtend?.o *crtend.o) .dtors)
 *(SORT(.dtors.*))
 *(.dtors)

.jcr            0x0000000000021f14        0x4
 *(.jcr)
 .jcr           0x0000000000021f14        0x0 /usr/lib/gcc-cross/arm-linux-gnueabi/5/crtbegin.o
 .jcr           0x0000000000021f14        0x4 /usr/lib/gcc-cross/arm-linux-gnueabi/5/crtend.o

.data.rel.ro
 *(.data.rel.ro.local* .gnu.linkonce.d.rel.ro.local.*)
 *(.data.rel.ro .data.rel.ro.* .gnu.linkonce.d.rel.ro.*)

.dynamic        0x0000000000021f18       0xe8
 *(.dynamic)
 .dynamic       0x0000000000021f18       0xe8 /usr/lib/gcc-cross/arm-linux-gnueabi/5/../../../../arm-linux-gnueabi/lib/../lib/crt1.o
                0x0000000000021f18                _DYNAMIC
                0x0000000000022000                . = DATA_SEGMENT_RELRO_END (., 0x0)

.got            0x0000000000022000       0x3c
 *(.got.plt)
 .got.plt       0x0000000000022000       0x38 /usr/lib/gcc-cross/arm-linux-gnueabi/5/../../../../arm-linux-gnueabi/lib/../lib/crt1.o
                0x0000000000022000                _GLOBAL_OFFSET_TABLE_
 *(.igot.plt)
 .igot.plt      0x0000000000022038        0x0 /usr/lib/gcc-cross/arm-linux-gnueabi/5/../../../../arm-linux-gnueabi/lib/../lib/crt1.o
 *(.got)
 .got           0x0000000000022038        0x4 /usr/lib/gcc-cross/arm-linux-gnueabi/5/../../../../arm-linux-gnueabi/lib/../lib/crt1.o
 *(.igot)

.data           0x000000000002203c        0x8
                [!provide]                        PROVIDE (__data_start, .)
 *(.data .data.* .gnu.linkonce.d.*)
 .data          0x000000000002203c        0x4 /usr/lib/gcc-cross/arm-linux-gnueabi/5/../../../../arm-linux-gnueabi/lib/../lib/crt1.o
                0x000000000002203c                data_start
                0x000000000002203c                __data_start
 .data          0x0000000000022040        0x0 /usr/lib/gcc-cross/arm-linux-gnueabi/5/../../../../arm-linux-gnueabi/lib/../lib/crti.o
 .data          0x0000000000022040        0x4 /usr/lib/gcc-cross/arm-linux-gnueabi/5/crtbegin.o
                0x0000000000022040                __dso_handle
 .data          0x0000000000022044        0x0 ./data1.o
 .data          0x0000000000022044        0x0 ./debug.o
 .data          0x0000000000022044        0x0 ./memory.o
 .data          0x0000000000022044        0x0 ./conversion.o
 .data          0x0000000000022044        0x0 ./main.o
 .data          0x0000000000022044        0x0 ./circbuf.o
 .data          0x0000000000022044        0x0 ./project3.o
 .data          0x0000000000022044        0x0 ./mem_profiler_bbb.o
 .data          0x0000000000022044        0x0 /usr/lib/gcc-cross/arm-linux-gnueabi/5/libgcc.a(_udivsi3.o)
 .data          0x0000000000022044        0x0 /usr/lib/gcc-cross/arm-linux-gnueabi/5/libgcc.a(_dvmd_lnx.o)
 .data          0x0000000000022044        0x0 /usr/arm-linux-gnueabi/lib/libc_nonshared.a(elf-init.oS)
 .data          0x0000000000022044        0x0 /usr/lib/gcc-cross/arm-linux-gnueabi/5/crtend.o
 .data          0x0000000000022044        0x0 /usr/lib/gcc-cross/arm-linux-gnueabi/5/../../../../arm-linux-gnueabi/lib/../lib/crtn.o

.tm_clone_table
                0x0000000000022044        0x0
 .tm_clone_table
                0x0000000000022044        0x0 /usr/lib/gcc-cross/arm-linux-gnueabi/5/crtbegin.o
 .tm_clone_table
                0x0000000000022044        0x0 /usr/lib/gcc-cross/arm-linux-gnueabi/5/crtend.o

.data1
 *(.data1)
                0x0000000000022044                _edata = .
                [!provide]                        PROVIDE (edata, .)
                0x0000000000022044                . = .
                0x0000000000022044                __bss_start = .
                0x0000000000022044                __bss_start__ = .

.bss            0x0000000000022044        0x4
 *(.dynbss)
 .dynbss        0x0000000000022044        0x0 /usr/lib/gcc-cross/arm-linux-gnueabi/5/../../../../arm-linux-gnueabi/lib/../lib/crt1.o
 *(.bss .bss.* .gnu.linkonce.b.*)
 .bss           0x0000000000022044        0x0 /usr/lib/gcc-cross/arm-linux-gnueabi/5/../../../../arm-linux-gnueabi/lib/../lib/crt1.o
 .bss           0x0000000000022044        0x0 /usr/lib/gcc-cross/arm-linux-gnueabi/5/../../../../arm-linux-gnueabi/lib/../lib/crti.o
 .bss           0x0000000000022044        0x1 /usr/lib/gcc-cross/arm-linux-gnueabi/5/crtbegin.o
 .bss           0x0000000000022045        0x0 ./data1.o
 .bss           0x0000000000022045        0x0 ./debug.o
 .bss           0x0000000000022045        0x0 ./memory.o
 .bss           0x0000000000022045        0x0 ./conversion.o
 .bss           0x0000000000022045        0x0 ./main.o
 .bss           0x0000000000022045        0x0 ./circbuf.o
 .bss           0x0000000000022045        0x0 ./project3.o
 .bss           0x0000000000022045        0x0 ./mem_profiler_bbb.o
 .bss           0x0000000000022045        0x0 /usr/lib/gcc-cross/arm-linux-gnueabi/5/libgcc.a(_udivsi3.o)
 .bss           0x0000000000022045        0x0 /usr/lib/gcc-cross/arm-linux-gnueabi/5/libgcc.a(_dvmd_lnx.o)
 .bss           0x0000000000022045        0x0 /usr/arm-linux-gnueabi/lib/libc_nonshared.a(elf-init.oS)
 .bss           0x0000000000022045        0x0 /usr/lib/gcc-cross/arm-linux-gnueabi/5/crtend.o
 .bss           0x0000000000022045        0x0 /usr/lib/gcc-cross/arm-linux-gnueabi/5/../../../../arm-linux-gnueabi/lib/../lib/crtn.o
 *(COMMON)
                0x0000000000022048                . = ALIGN ((. != 0x0)?0x4:0x1)
 *fill*         0x0000000000022045        0x3 
                0x0000000000022048                _bss_end__ = .
                0x0000000000022048                __bss_end__ = .
                0x0000000000022048                . = ALIGN (0x4)
                0x0000000000022048                . = SEGMENT_START ("ldata-segment", .)
                0x0000000000022048                . = ALIGN (0x4)
                0x0000000000022048                __end__ = .
                0x0000000000022048                _end = .
                [!provide]                        PROVIDE (end, .)
                0x0000000000022048                . = DATA_SEGMENT_END (.)

.stab
 *(.stab)

.stabstr
 *(.stabstr)

.stab.excl
 *(.stab.excl)

.stab.exclstr
 *(.stab.exclstr)

.stab.index
 *(.stab.index)

.stab.indexstr
 *(.stab.indexstr)

.comment        0x0000000000000000       0x3b
 *(.comment)
 .comment       0x0000000000000000       0x3b /usr/lib/gcc-cross/arm-linux-gnueabi/5/crtbegin.o
                                         0x3c (size before relaxing)
 .comment       0x000000000000003b       0x3c ./data1.o
 .comment       0x000000000000003b       0x3c ./debug.o
 .comment       0x000000000000003b       0x3c ./memory.o
 .comment       0x000000000000003b       0x3c ./conversion.o
 .comment       0x000000000000003b       0x3c ./main.o
 .comment       0x000000000000003b       0x3c ./circbuf.o
 .comment       0x000000000000003b       0x3c ./project3.o
 .comment       0x000000000000003b       0x3c ./mem_profiler_bbb.o
 .comment       0x000000000000003b       0x3c /usr/lib/gcc-cross/arm-linux-gnueabi/5/crtend.o

.ARM.attributes
                0x0000000000000000       0x2a
 .ARM.attributes
                0x0000000000000000       0x2a /usr/lib/gcc-cross/arm-linux-gnueabi/5/../../../../arm-linux-gnueabi/lib/../lib/crt1.o
 .ARM.attributes
                0x000000000000002a       0x1e /usr/lib/gcc-cross/arm-linux-gnueabi/5/../../../../arm-linux-gnueabi/lib/../lib/crti.o
 .ARM.attributes
                0x0000000000000048       0x2a /usr/lib/gcc-cross/arm-linux-gnueabi/5/crtbegin.o
 .ARM.attributes
                0x0000000000000072       0x2a ./data1.o
 .ARM.attributes
                0x000000000000009c       0x2a ./debug.o
 .ARM.attributes
                0x00000000000000c6       0x2a ./memory.o
 .ARM.attributes
                0x00000000000000f0       0x2a ./conversion.o
 .ARM.attributes
                0x000000000000011a       0x2a ./main.o
 .ARM.attributes
                0x0000000000000144       0x2a ./circbuf.o
 .ARM.attributes
                0x000000000000016e       0x2a ./project3.o
 .ARM.attributes
                0x0000000000000198       0x2a ./mem_profiler_bbb.o
 .ARM.attributes
                0x00000000000001c2       0x1c /usr/lib/gcc-cross/arm-linux-gnueabi/5/libgcc.a(_udivsi3.o)
 .ARM.attributes
                0x00000000000001de       0x1c /usr/lib/gcc-cross/arm-linux-gnueabi/5/libgcc.a(_dvmd_lnx.o)
 .ARM.attributes
                0x00000000000001fa       0x2c /usr/arm-linux-gnueabi/lib/libc_nonshared.a(elf-init.oS)
 .ARM.attributes
                0x0000000000000226       0x2a /usr/lib/gcc-cross/arm-linux-gnueabi/5/crtend.o
 .ARM.attributes
                0x0000000000000250       0x1e /usr/lib/gcc-cross/arm-linux-gnueabi/5/../../../../arm-linux-gnueabi/lib/../lib/crtn.o

.debug
 *(.debug)

.line
 *(.line)

.debug_srcinfo
 *(.debug_srcinfo)

.debug_sfnames
 *(.debug_sfnames)

.debug_aranges  0x0000000000000000      0x100
 *(.debug_aranges)
 .debug_aranges
                0x0000000000000000       0x20 ./data1.o
 .debug_aranges
                0x0000000000000020       0x20 ./debug.o
 .debug_aranges
                0x0000000000000040       0x20 ./memory.o
 .debug_aranges
                0x0000000000000060       0x20 ./conversion.o
 .debug_aranges
                0x0000000000000080       0x20 ./main.o
 .debug_aranges
                0x00000000000000a0       0x20 ./circbuf.o
 .debug_aranges
                0x00000000000000c0       0x20 ./project3.o
 .debug_aranges
                0x00000000000000e0       0x20 ./mem_profiler_bbb.o

.debug_pubnames
 *(.debug_pubnames)

.debug_info     0x0000000000000000     0x2cec
 *(.debug_info .gnu.linkonce.wi.*)
 .debug_info    0x0000000000000000      0xced ./data1.o
 .debug_info    0x0000000000000ced      0x3a9 ./debug.o
 .debug_info    0x0000000000001096      0x34a ./memory.o
 .debug_info    0x00000000000013e0      0x21b ./conversion.o
 .debug_info    0x00000000000015fb      0x2d9 ./main.o
 .debug_info    0x00000000000018d4      0x2e5 ./circbuf.o
 .debug_info    0x0000000000001bb9      0x7b2 ./project3.o
 .debug_info    0x000000000000236b      0x981 ./mem_profiler_bbb.o

.debug_abbrev   0x0000000000000000      0xa91
 *(.debug_abbrev)
 .debug_abbrev  0x0000000000000000      0x1ef ./data1.o
 .debug_abbrev  0x00000000000001ef      0x179 ./debug.o
 .debug_abbrev  0x0000000000000368      0x12f ./memory.o
 .debug_abbrev  0x0000000000000497       0xce ./conversion.o
 .debug_abbrev  0x0000000000000565       0xda ./main.o
 .debug_abbrev  0x000000000000063f      0x128 ./circbuf.o
 .debug_abbrev  0x0000000000000767      0x161 ./project3.o
 .debug_abbrev  0x00000000000008c8      0x1c9 ./mem_profiler_bbb.o

.debug_line     0x0000000000000000      0xaca
 *(.debug_line .debug_line.* .debug_line_end)
 .debug_line    0x0000000000000000      0x156 ./data1.o
 .debug_line    0x0000000000000156      0x109 ./debug.o
 .debug_line    0x000000000000025f      0x10d ./memory.o
 .debug_line    0x000000000000036c       0xc5 ./conversion.o
 .debug_line    0x0000000000000431       0xfb ./main.o
 .debug_line    0x000000000000052c      0x1d4 ./circbuf.o
 .debug_line    0x0000000000000700      0x1df ./project3.o
 .debug_line    0x00000000000008df      0x1eb ./mem_profiler_bbb.o

.debug_frame    0x0000000000000000      0x3a4
 *(.debug_frame)
 .debug_frame   0x0000000000000000       0x90 ./data1.o
 .debug_frame   0x0000000000000090       0x38 ./debug.o
 .debug_frame   0x00000000000000c8       0xb8 ./memory.o
 .debug_frame   0x0000000000000180       0x50 ./conversion.o
 .debug_frame   0x00000000000001d0       0x28 ./main.o
 .debug_frame   0x00000000000001f8       0xcc ./circbuf.o
 .debug_frame   0x00000000000002c4       0x30 ./project3.o
 .debug_frame   0x00000000000002f4       0xb0 ./mem_profiler_bbb.o

.debug_str      0x0000000000000000      0x6a8
 *(.debug_str)
 .debug_str     0x0000000000000000      0x34e ./data1.o
                                        0x39c (size before relaxing)
 .debug_str     0x000000000000034e       0x22 ./debug.o
                                        0x30e (size before relaxing)
 .debug_str     0x0000000000000370       0x99 ./memory.o
                                        0x1d7 (size before relaxing)
 .debug_str     0x0000000000000409       0x74 ./conversion.o
                                        0x1d4 (size before relaxing)
 .debug_str     0x000000000000047d       0x15 ./main.o
                                        0x2cf (size before relaxing)
 .debug_str     0x0000000000000492      0x101 ./circbuf.o
                                        0x24b (size before relaxing)
 .debug_str     0x0000000000000593       0x71 ./project3.o
                                        0x34e (size before relaxing)
 .debug_str     0x0000000000000604       0xa4 ./mem_profiler_bbb.o
                                        0x44b (size before relaxing)

.debug_loc      0x0000000000000000     0x13d7
 *(.debug_loc)
 .debug_loc     0x0000000000000000      0x4d3 ./data1.o
 .debug_loc     0x00000000000004d3       0xa5 ./debug.o
 .debug_loc     0x0000000000000578      0x237 ./memory.o
 .debug_loc     0x00000000000007af      0x427 ./conversion.o
 .debug_loc     0x0000000000000bd6      0x1e3 ./circbuf.o
 .debug_loc     0x0000000000000db9      0x180 ./project3.o
 .debug_loc     0x0000000000000f39      0x49e ./mem_profiler_bbb.o

.debug_macinfo
 *(.debug_macinfo)

.debug_weaknames
 *(.debug_weaknames)

.debug_funcnames
 *(.debug_funcnames)

.debug_typenames
 *(.debug_typenames)

.debug_varnames
 *(.debug_varnames)

.debug_pubtypes
 *(.debug_pubtypes)

.debug_ranges   0x0000000000000000       0xd0
 *(.debug_ranges)
 .debug_ranges  0x0000000000000000       0x30 ./data1.o
 .debug_ranges  0x0000000000000030       0x18 ./debug.o
 .debug_ranges  0x0000000000000048       0x10 ./main.o
 .debug_ranges  0x0000000000000058       0x18 ./project3.o
 .debug_ranges  0x0000000000000070       0x60 ./mem_profiler_bbb.o

.debug_macro
 *(.debug_macro)

.gnu.attributes
 *(.gnu.attributes)

.note.gnu.arm.ident
 *(.note.gnu.arm.ident)

/DISCARD/
 *(.note.GNU-stack)
 *(.gnu_debuglink)
 *(.gnu.lto_*)
OUTPUT(project3.elf elf32-littlearm)
