Archive member included to satisfy reference by file (symbol)

/usr/lib/gcc/arm-none-eabi/4.9.3/libgcc.a(_udivsi3.o)
                              ./system_MKL25Z4.o (__aeabi_uidiv)
/usr/lib/gcc/arm-none-eabi/4.9.3/libgcc.a(_dvmd_tls.o)
                              /usr/lib/gcc/arm-none-eabi/4.9.3/libgcc.a(_udivsi3.o) (__aeabi_idiv0)
/usr/lib/gcc/arm-none-eabi/4.9.3/../../../arm-none-eabi/lib/libg.a(lib_a-atexit.o)
                              /usr/lib/gcc/arm-none-eabi/4.9.3/../../../arm-none-eabi/lib/crt0.o (atexit)
/usr/lib/gcc/arm-none-eabi/4.9.3/../../../arm-none-eabi/lib/libg.a(lib_a-exit.o)
                              /usr/lib/gcc/arm-none-eabi/4.9.3/../../../arm-none-eabi/lib/crt0.o (exit)
/usr/lib/gcc/arm-none-eabi/4.9.3/../../../arm-none-eabi/lib/libg.a(lib_a-fini.o)
                              /usr/lib/gcc/arm-none-eabi/4.9.3/../../../arm-none-eabi/lib/crt0.o (__libc_fini_array)
/usr/lib/gcc/arm-none-eabi/4.9.3/../../../arm-none-eabi/lib/libg.a(lib_a-impure.o)
                              /usr/lib/gcc/arm-none-eabi/4.9.3/../../../arm-none-eabi/lib/libg.a(lib_a-exit.o) (_global_impure_ptr)
/usr/lib/gcc/arm-none-eabi/4.9.3/../../../arm-none-eabi/lib/libg.a(lib_a-init.o)
                              /usr/lib/gcc/arm-none-eabi/4.9.3/../../../arm-none-eabi/lib/crt0.o (__libc_init_array)
/usr/lib/gcc/arm-none-eabi/4.9.3/../../../arm-none-eabi/lib/libg.a(lib_a-malloc.o)
                              ./memory.o (malloc)
/usr/lib/gcc/arm-none-eabi/4.9.3/../../../arm-none-eabi/lib/libg.a(lib_a-mallocr.o)
                              /usr/lib/gcc/arm-none-eabi/4.9.3/../../../arm-none-eabi/lib/libg.a(lib_a-malloc.o) (_malloc_r)
/usr/lib/gcc/arm-none-eabi/4.9.3/../../../arm-none-eabi/lib/libg.a(lib_a-memset.o)
                              /usr/lib/gcc/arm-none-eabi/4.9.3/../../../arm-none-eabi/lib/crt0.o (memset)
/usr/lib/gcc/arm-none-eabi/4.9.3/../../../arm-none-eabi/lib/libg.a(lib_a-mlock.o)
                              /usr/lib/gcc/arm-none-eabi/4.9.3/../../../arm-none-eabi/lib/libg.a(lib_a-mallocr.o) (__malloc_lock)
/usr/lib/gcc/arm-none-eabi/4.9.3/../../../arm-none-eabi/lib/libg.a(lib_a-sbrkr.o)
                              /usr/lib/gcc/arm-none-eabi/4.9.3/../../../arm-none-eabi/lib/libg.a(lib_a-mallocr.o) (_sbrk_r)
/usr/lib/gcc/arm-none-eabi/4.9.3/../../../arm-none-eabi/lib/libg.a(lib_a-__atexit.o)
                              /usr/lib/gcc/arm-none-eabi/4.9.3/../../../arm-none-eabi/lib/libg.a(lib_a-atexit.o) (__register_exitproc)
/usr/lib/gcc/arm-none-eabi/4.9.3/../../../arm-none-eabi/lib/libg.a(lib_a-__call_atexit.o)
                              /usr/lib/gcc/arm-none-eabi/4.9.3/../../../arm-none-eabi/lib/libg.a(lib_a-exit.o) (__call_exitprocs)
/usr/lib/gcc/arm-none-eabi/4.9.3/../../../arm-none-eabi/lib/libg.a(lib_a-freer.o)
                              /usr/lib/gcc/arm-none-eabi/4.9.3/../../../arm-none-eabi/lib/libg.a(lib_a-malloc.o) (_free_r)
/usr/lib/gcc/arm-none-eabi/4.9.3/../../../arm-none-eabi/lib/libg.a(lib_a-reent.o)
                              /usr/lib/gcc/arm-none-eabi/4.9.3/../../../arm-none-eabi/lib/libg.a(lib_a-sbrkr.o) (errno)
/usr/lib/gcc/arm-none-eabi/4.9.3/../../../arm-none-eabi/lib/libnosys.a(sbrk.o)
                              /usr/lib/gcc/arm-none-eabi/4.9.3/../../../arm-none-eabi/lib/libg.a(lib_a-sbrkr.o) (_sbrk)
/usr/lib/gcc/arm-none-eabi/4.9.3/../../../arm-none-eabi/lib/libnosys.a(_exit.o)
                              /usr/lib/gcc/arm-none-eabi/4.9.3/../../../arm-none-eabi/lib/libg.a(lib_a-exit.o) (_exit)

Allocating common symbols
Common symbol       size              file

errno               0x4               /usr/lib/gcc/arm-none-eabi/4.9.3/../../../arm-none-eabi/lib/libg.a(lib_a-reent.o)

Memory Configuration

Name             Origin             Length             Attributes
m_interrupts     0x0000000000000000 0x0000000000000100 xr
m_flash_config   0x0000000000000400 0x0000000000000010 xr
m_text           0x0000000000000410 0x000000000001fbf0 xr
m_data           0x000000001ffff000 0x0000000000004000 rw
*default*        0x0000000000000000 0xffffffffffffffff

Linker script and memory map

LOAD /usr/lib/gcc/arm-none-eabi/4.9.3/crti.o
LOAD /usr/lib/gcc/arm-none-eabi/4.9.3/crtbegin.o
LOAD /usr/lib/gcc/arm-none-eabi/4.9.3/../../../arm-none-eabi/lib/crt0.o
LOAD ./memory.o
LOAD ./main.o
LOAD ./dma.o
LOAD ./mem_profiler_kl25z.o
LOAD ./project3.o
LOAD ./system_MKL25Z4.o
LOAD /tmp/ccA7qOQf.o
START GROUP
LOAD /usr/lib/gcc/arm-none-eabi/4.9.3/libgcc.a
LOAD /usr/lib/gcc/arm-none-eabi/4.9.3/../../../arm-none-eabi/lib/libg.a
LOAD /usr/lib/gcc/arm-none-eabi/4.9.3/../../../arm-none-eabi/lib/libc.a
END GROUP
START GROUP
LOAD /usr/lib/gcc/arm-none-eabi/4.9.3/libgcc.a
LOAD /usr/lib/gcc/arm-none-eabi/4.9.3/../../../arm-none-eabi/lib/libc.a
LOAD /usr/lib/gcc/arm-none-eabi/4.9.3/../../../arm-none-eabi/lib/libnosys.a
END GROUP
LOAD /usr/lib/gcc/arm-none-eabi/4.9.3/crtend.o
LOAD /usr/lib/gcc/arm-none-eabi/4.9.3/crtn.o
                0x0000000000000400                HEAP_SIZE = DEFINED (__heap_size__)?__heap_size__:0x400
                0x0000000000000400                STACK_SIZE = DEFINED (__stack_size__)?__stack_size__:0x400

.interrupts     0x0000000000000000       0xc0
                0x0000000000000000                __VECTOR_TABLE = .
                0x0000000000000000                . = ALIGN (0x4)
 *(.isr_vector)
 .isr_vector    0x0000000000000000       0xc0 /tmp/ccA7qOQf.o
                0x0000000000000000                __isr_vector
                0x00000000000000c0                . = ALIGN (0x4)

.flash_config   0x0000000000000400       0x10
                0x0000000000000400                . = ALIGN (0x4)
 *(.FlashConfig)
 .FlashConfig   0x0000000000000400       0x10 /tmp/ccA7qOQf.o
                0x0000000000000410                . = ALIGN (0x4)

.text           0x0000000000000410     0x1f80
                0x0000000000000410                . = ALIGN (0x4)
 *(.text)
 .text          0x0000000000000410        0x0 /usr/lib/gcc/arm-none-eabi/4.9.3/crti.o
 .text          0x0000000000000410      0x108 /usr/lib/gcc/arm-none-eabi/4.9.3/crtbegin.o
 .text          0x0000000000000518      0x104 /usr/lib/gcc/arm-none-eabi/4.9.3/../../../arm-none-eabi/lib/crt0.o
                0x0000000000000518                _mainCRTStartup
                0x0000000000000518                _start
 .text          0x000000000000061c      0x294 ./memory.o
                0x000000000000061c                my_memmove
                0x00000000000006c8                my_memcpy
                0x000000000000072c                my_memset
                0x0000000000000784                my_memzero
                0x00000000000007d4                my_reverse
                0x0000000000000868                reserve_words
                0x000000000000088c                free_words
 .text          0x00000000000008b0       0x20 ./main.o
                0x00000000000008b0                main
 .text          0x00000000000008d0      0x2f4 ./dma.o
                0x00000000000008d0                memmove_dma
                0x0000000000000a04                memset_dma
                0x0000000000000b48                dma_init
                0x0000000000000ba8                DMA0_IRQHandler
 .text          0x0000000000000bc4      0x244 ./mem_profiler_kl25z.o
                0x0000000000000bc4                systick_init
                0x0000000000000c00                systick_start
                0x0000000000000c1c                systick_end
                0x0000000000000c38                profiler_memset_dma_kl25z
                0x0000000000000cfc                profiler_memmove_dma_kl25z
 .text          0x0000000000000e08        0xc ./project3.o
                0x0000000000000e08                project3
 .text          0x0000000000000e14      0x260 ./system_MKL25Z4.o
                0x0000000000000e14                SystemInit
                0x0000000000000e2c                SystemCoreClockUpdate
 .text          0x0000000000001074       0x34 /tmp/ccA7qOQf.o
                0x0000000000001074                Reset_Handler
                0x00000000000010a0                I2C0_IRQHandler
                0x00000000000010a0                HardFault_Handler
                0x00000000000010a0                SysTick_Handler
                0x00000000000010a0                PendSV_Handler
                0x00000000000010a0                NMI_Handler
                0x00000000000010a0                I2C1_IRQHandler
                0x00000000000010a0                UART1_IRQHandler
                0x00000000000010a0                DMA2_IRQHandler
                0x00000000000010a0                TPM0_IRQHandler
                0x00000000000010a0                LLWU_IRQHandler
                0x00000000000010a0                TSI0_IRQHandler
                0x00000000000010a0                UART0_IRQHandler
                0x00000000000010a0                ADC0_IRQHandler
                0x00000000000010a0                Reserved39_IRQHandler
                0x00000000000010a0                SPI1_IRQHandler
                0x00000000000010a0                DefaultISR
                0x00000000000010a0                PORTD_IRQHandler
                0x00000000000010a0                TPM2_IRQHandler
                0x00000000000010a0                RTC_IRQHandler
                0x00000000000010a0                RTC_Seconds_IRQHandler
                0x00000000000010a0                MCG_IRQHandler
                0x00000000000010a0                UART2_IRQHandler
                0x00000000000010a0                Reserved20_IRQHandler
                0x00000000000010a0                USB0_IRQHandler
                0x00000000000010a0                PIT_IRQHandler
                0x00000000000010a0                SVC_Handler
                0x00000000000010a0                DMA3_IRQHandler
                0x00000000000010a0                DAC0_IRQHandler
                0x00000000000010a0                Reserved45_IRQHandler
                0x00000000000010a0                TPM1_IRQHandler
                0x00000000000010a0                LVD_LVW_IRQHandler
                0x00000000000010a0                SPI0_IRQHandler
                0x00000000000010a0                PORTA_IRQHandler
                0x00000000000010a0                FTFA_IRQHandler
                0x00000000000010a0                LPTMR0_IRQHandler
                0x00000000000010a0                CMP0_IRQHandler
                0x00000000000010a0                DMA1_IRQHandler
 .text          0x00000000000010a8      0x114 /usr/lib/gcc/arm-none-eabi/4.9.3/libgcc.a(_udivsi3.o)
                0x00000000000010a8                __udivsi3
                0x00000000000010a8                __aeabi_uidiv
                0x000000000000119c                __aeabi_uidivmod
 .text          0x00000000000011bc        0x4 /usr/lib/gcc/arm-none-eabi/4.9.3/libgcc.a(_dvmd_tls.o)
                0x00000000000011bc                __aeabi_ldiv0
                0x00000000000011bc                __aeabi_idiv0
 .text          0x00000000000011c0        0x0 /usr/lib/gcc/arm-none-eabi/4.9.3/../../../arm-none-eabi/lib/libg.a(lib_a-atexit.o)
 .text          0x00000000000011c0        0x0 /usr/lib/gcc/arm-none-eabi/4.9.3/../../../arm-none-eabi/lib/libg.a(lib_a-exit.o)
 .text          0x00000000000011c0        0x0 /usr/lib/gcc/arm-none-eabi/4.9.3/../../../arm-none-eabi/lib/libg.a(lib_a-fini.o)
 .text          0x00000000000011c0        0x0 /usr/lib/gcc/arm-none-eabi/4.9.3/../../../arm-none-eabi/lib/libg.a(lib_a-impure.o)
 .text          0x00000000000011c0        0x0 /usr/lib/gcc/arm-none-eabi/4.9.3/../../../arm-none-eabi/lib/libg.a(lib_a-init.o)
 .text          0x00000000000011c0        0x0 /usr/lib/gcc/arm-none-eabi/4.9.3/../../../arm-none-eabi/lib/libg.a(lib_a-malloc.o)
 .text          0x00000000000011c0        0x0 /usr/lib/gcc/arm-none-eabi/4.9.3/../../../arm-none-eabi/lib/libg.a(lib_a-mallocr.o)
 .text          0x00000000000011c0        0x0 /usr/lib/gcc/arm-none-eabi/4.9.3/../../../arm-none-eabi/lib/libg.a(lib_a-memset.o)
 .text          0x00000000000011c0        0x0 /usr/lib/gcc/arm-none-eabi/4.9.3/../../../arm-none-eabi/lib/libg.a(lib_a-mlock.o)
 .text          0x00000000000011c0        0x0 /usr/lib/gcc/arm-none-eabi/4.9.3/../../../arm-none-eabi/lib/libg.a(lib_a-sbrkr.o)
 .text          0x00000000000011c0        0x0 /usr/lib/gcc/arm-none-eabi/4.9.3/../../../arm-none-eabi/lib/libg.a(lib_a-__atexit.o)
 .text          0x00000000000011c0        0x0 /usr/lib/gcc/arm-none-eabi/4.9.3/../../../arm-none-eabi/lib/libg.a(lib_a-__call_atexit.o)
 .text          0x00000000000011c0        0x0 /usr/lib/gcc/arm-none-eabi/4.9.3/../../../arm-none-eabi/lib/libg.a(lib_a-freer.o)
 .text          0x00000000000011c0        0x0 /usr/lib/gcc/arm-none-eabi/4.9.3/../../../arm-none-eabi/lib/libg.a(lib_a-reent.o)
 .text          0x00000000000011c0        0x0 /usr/lib/gcc/arm-none-eabi/4.9.3/../../../arm-none-eabi/lib/libnosys.a(sbrk.o)
 .text          0x00000000000011c0        0x0 /usr/lib/gcc/arm-none-eabi/4.9.3/../../../arm-none-eabi/lib/libnosys.a(_exit.o)
 .text          0x00000000000011c0        0x0 /usr/lib/gcc/arm-none-eabi/4.9.3/crtend.o
 .text          0x00000000000011c0        0x0 /usr/lib/gcc/arm-none-eabi/4.9.3/crtn.o
 *(.text*)
 .text.atexit   0x00000000000011c0       0x20 /usr/lib/gcc/arm-none-eabi/4.9.3/../../../arm-none-eabi/lib/libg.a(lib_a-atexit.o)
                0x00000000000011c0                atexit
 .text.exit     0x00000000000011e0       0x34 /usr/lib/gcc/arm-none-eabi/4.9.3/../../../arm-none-eabi/lib/libg.a(lib_a-exit.o)
                0x00000000000011e0                exit
 .text.__libc_fini_array
                0x0000000000001214       0x48 /usr/lib/gcc/arm-none-eabi/4.9.3/../../../arm-none-eabi/lib/libg.a(lib_a-fini.o)
                0x0000000000001214                __libc_fini_array
 .text.__libc_init_array
                0x000000000000125c       0x80 /usr/lib/gcc/arm-none-eabi/4.9.3/../../../arm-none-eabi/lib/libg.a(lib_a-init.o)
                0x000000000000125c                __libc_init_array
 .text.malloc   0x00000000000012dc       0x20 /usr/lib/gcc/arm-none-eabi/4.9.3/../../../arm-none-eabi/lib/libg.a(lib_a-malloc.o)
                0x00000000000012dc                malloc
 .text.free     0x00000000000012fc       0x20 /usr/lib/gcc/arm-none-eabi/4.9.3/../../../arm-none-eabi/lib/libg.a(lib_a-malloc.o)
                0x00000000000012fc                free
 .text._malloc_r
                0x000000000000131c      0x750 /usr/lib/gcc/arm-none-eabi/4.9.3/../../../arm-none-eabi/lib/libg.a(lib_a-mallocr.o)
                0x000000000000131c                _malloc_r
 .text.memset   0x0000000000001a6c       0xf4 /usr/lib/gcc/arm-none-eabi/4.9.3/../../../arm-none-eabi/lib/libg.a(lib_a-memset.o)
                0x0000000000001a6c                memset
 .text.__malloc_lock
                0x0000000000001b60        0x4 /usr/lib/gcc/arm-none-eabi/4.9.3/../../../arm-none-eabi/lib/libg.a(lib_a-mlock.o)
                0x0000000000001b60                __malloc_lock
 .text.__malloc_unlock
                0x0000000000001b64        0x4 /usr/lib/gcc/arm-none-eabi/4.9.3/../../../arm-none-eabi/lib/libg.a(lib_a-mlock.o)
                0x0000000000001b64                __malloc_unlock
 .text._sbrk_r  0x0000000000001b68       0x44 /usr/lib/gcc/arm-none-eabi/4.9.3/../../../arm-none-eabi/lib/libg.a(lib_a-sbrkr.o)
                0x0000000000001b68                _sbrk_r
 .text.__register_exitproc
                0x0000000000001bac       0xe0 /usr/lib/gcc/arm-none-eabi/4.9.3/../../../arm-none-eabi/lib/libg.a(lib_a-__atexit.o)
                0x0000000000001bac                __register_exitproc
 .text.startup.register_fini
                0x0000000000001c8c       0x24 /usr/lib/gcc/arm-none-eabi/4.9.3/../../../arm-none-eabi/lib/libg.a(lib_a-__call_atexit.o)
 .text.__call_exitprocs
                0x0000000000001cb0      0x16c /usr/lib/gcc/arm-none-eabi/4.9.3/../../../arm-none-eabi/lib/libg.a(lib_a-__call_atexit.o)
                0x0000000000001cb0                __call_exitprocs
 .text._malloc_trim_r
                0x0000000000001e1c      0x100 /usr/lib/gcc/arm-none-eabi/4.9.3/../../../arm-none-eabi/lib/libg.a(lib_a-freer.o)
                0x0000000000001e1c                _malloc_trim_r
 .text._free_r  0x0000000000001f1c      0x2bc /usr/lib/gcc/arm-none-eabi/4.9.3/../../../arm-none-eabi/lib/libg.a(lib_a-freer.o)
                0x0000000000001f1c                _free_r
 .text.cleanup_glue
                0x00000000000021d8       0x2c /usr/lib/gcc/arm-none-eabi/4.9.3/../../../arm-none-eabi/lib/libg.a(lib_a-reent.o)
                0x00000000000021d8                cleanup_glue
 .text._reclaim_reent
                0x0000000000002204       0xf4 /usr/lib/gcc/arm-none-eabi/4.9.3/../../../arm-none-eabi/lib/libg.a(lib_a-reent.o)
                0x0000000000002204                _reclaim_reent
 .text._sbrk    0x00000000000022f8       0x2c /usr/lib/gcc/arm-none-eabi/4.9.3/../../../arm-none-eabi/lib/libnosys.a(sbrk.o)
                0x00000000000022f8                _sbrk
 .text._exit    0x0000000000002324        0x4 /usr/lib/gcc/arm-none-eabi/4.9.3/../../../arm-none-eabi/lib/libnosys.a(_exit.o)
                0x0000000000002324                _exit
 *(.rodata)
 *(.rodata*)
 .rodata.str1.4
                0x0000000000002328        0x4 /usr/lib/gcc/arm-none-eabi/4.9.3/../../../arm-none-eabi/lib/libg.a(lib_a-impure.o)
 .rodata._global_impure_ptr
                0x000000000000232c        0x4 /usr/lib/gcc/arm-none-eabi/4.9.3/../../../arm-none-eabi/lib/libg.a(lib_a-impure.o)
                0x000000000000232c                _global_impure_ptr
 *(.glue_7)
 .glue_7        0x0000000000002330        0x0 linker stubs
 *(.glue_7t)
 .glue_7t       0x0000000000002330        0x0 linker stubs
 *(.eh_frame)
 .eh_frame      0x0000000000002330        0x0 /usr/lib/gcc/arm-none-eabi/4.9.3/crtbegin.o
 .eh_frame      0x0000000000002330        0x4 /usr/lib/gcc/arm-none-eabi/4.9.3/crtend.o
 *(.init)
 .init          0x0000000000002334        0xc /usr/lib/gcc/arm-none-eabi/4.9.3/crti.o
                0x0000000000002334                _init
 .init          0x0000000000002340        0xc /usr/lib/gcc/arm-none-eabi/4.9.3/crtn.o
 *(.fini)
 .fini          0x000000000000234c        0xc /usr/lib/gcc/arm-none-eabi/4.9.3/crti.o
                0x000000000000234c                _fini
 .fini          0x0000000000002358        0xc /usr/lib/gcc/arm-none-eabi/4.9.3/crtn.o
 *fill*         0x0000000000002364        0x4 
 .fini.__stub   0x0000000000002368       0x24 linker stubs
                0x000000000000238c                . = ALIGN (0x4)

.vfp11_veneer   0x0000000000002390        0x0
 .vfp11_veneer  0x0000000000002390        0x0 linker stubs

.v4_bx          0x0000000000002390        0x0
 .v4_bx         0x0000000000002390        0x0 linker stubs

.iplt           0x0000000000002390        0x0
 .iplt          0x0000000000002390        0x0 /usr/lib/gcc/arm-none-eabi/4.9.3/crtbegin.o

.ARM.extab      0x0000000000002390        0x0
 *(.ARM.extab* .gnu.linkonce.armextab.*)
 .ARM.extab     0x0000000000002390        0x0 /usr/lib/gcc/arm-none-eabi/4.9.3/../../../arm-none-eabi/lib/crt0.o

.ARM            0x0000000000002390        0x8
                0x0000000000002390                __exidx_start = .
 *(.ARM.exidx*)
 .ARM.exidx     0x0000000000002390        0x8 /usr/lib/gcc/arm-none-eabi/4.9.3/../../../arm-none-eabi/lib/crt0.o
                0x0000000000002398                __exidx_end = .

.rel.dyn        0x0000000000002398        0x0
 .rel.iplt      0x0000000000002398        0x0 /usr/lib/gcc/arm-none-eabi/4.9.3/crtbegin.o

.ctors          0x0000000000002398        0x0
                0x0000000000002398                __CTOR_LIST__ = .
 *crtbegin.o(.ctors)
 *crtbegin?.o(.ctors)
 *(EXCLUDE_FILE(*crtend.o *crtend?.o) .ctors)
 *(SORT(.ctors.*))
 *(.ctors)
                0x0000000000002398                __CTOR_END__ = .

.dtors          0x0000000000002398        0x0
                0x0000000000002398                __DTOR_LIST__ = .
 *crtbegin.o(.dtors)
 *crtbegin?.o(.dtors)
 *(EXCLUDE_FILE(*crtend.o *crtend?.o) .dtors)
 *(SORT(.dtors.*))
 *(.dtors)
                0x0000000000002398                __DTOR_END__ = .

.preinit_array  0x0000000000002398        0x0
                0x0000000000002398                PROVIDE (__preinit_array_start, .)
 *(.preinit_array*)
                0x0000000000002398                PROVIDE (__preinit_array_end, .)

.init_array     0x0000000000002398        0x8
                0x0000000000002398                PROVIDE (__init_array_start, .)
 *(SORT(.init_array.*))
 .init_array.00000
                0x0000000000002398        0x4 /usr/lib/gcc/arm-none-eabi/4.9.3/../../../arm-none-eabi/lib/libg.a(lib_a-__call_atexit.o)
 *(.init_array*)
 .init_array    0x000000000000239c        0x4 /usr/lib/gcc/arm-none-eabi/4.9.3/crtbegin.o
                0x00000000000023a0                PROVIDE (__init_array_end, .)

.fini_array     0x00000000000023a0        0x4
                0x00000000000023a0                PROVIDE (__fini_array_start, .)
 *(SORT(.fini_array.*))
 *(.fini_array*)
 .fini_array    0x00000000000023a0        0x4 /usr/lib/gcc/arm-none-eabi/4.9.3/crtbegin.o
                0x00000000000023a4                PROVIDE (__fini_array_end, .)
                0x00000000000023a4                __etext = .
                0x00000000000023a4                __DATA_ROM = .

.mtb            0x000000001ffff000        0x0
                0x000000001ffff000                . = ALIGN (0x8)
                0x000000001ffff000                _mtb_start = .
 *(.mtb_buf)
                0x000000001ffff000                . = ALIGN (0x8)
                0x000000001ffff000                _mtb_end = .

.data           0x000000001ffff000      0x848 load address 0x00000000000023a4
                0x000000001ffff000                . = ALIGN (0x4)
                0x000000001ffff000                __DATA_RAM = .
                0x000000001ffff000                __data_start__ = .
 *(.data)
 .data          0x000000001ffff000        0x0 /usr/lib/gcc/arm-none-eabi/4.9.3/crti.o
 .data          0x000000001ffff000        0x4 /usr/lib/gcc/arm-none-eabi/4.9.3/crtbegin.o
                0x000000001ffff000                __dso_handle
 .data          0x000000001ffff004        0x0 /usr/lib/gcc/arm-none-eabi/4.9.3/../../../arm-none-eabi/lib/crt0.o
 .data          0x000000001ffff004        0x0 ./memory.o
 .data          0x000000001ffff004        0x0 ./main.o
 .data          0x000000001ffff004        0x0 ./dma.o
 .data          0x000000001ffff004        0x0 ./mem_profiler_kl25z.o
 .data          0x000000001ffff004        0x0 ./project3.o
 .data          0x000000001ffff004        0x4 ./system_MKL25Z4.o
                0x000000001ffff004                SystemCoreClock
 .data          0x000000001ffff008        0x0 /tmp/ccA7qOQf.o
 .data          0x000000001ffff008        0x0 /usr/lib/gcc/arm-none-eabi/4.9.3/libgcc.a(_udivsi3.o)
 .data          0x000000001ffff008        0x0 /usr/lib/gcc/arm-none-eabi/4.9.3/libgcc.a(_dvmd_tls.o)
 .data          0x000000001ffff008        0x0 /usr/lib/gcc/arm-none-eabi/4.9.3/../../../arm-none-eabi/lib/libg.a(lib_a-atexit.o)
 .data          0x000000001ffff008        0x0 /usr/lib/gcc/arm-none-eabi/4.9.3/../../../arm-none-eabi/lib/libg.a(lib_a-exit.o)
 .data          0x000000001ffff008        0x0 /usr/lib/gcc/arm-none-eabi/4.9.3/../../../arm-none-eabi/lib/libg.a(lib_a-fini.o)
 .data          0x000000001ffff008        0x0 /usr/lib/gcc/arm-none-eabi/4.9.3/../../../arm-none-eabi/lib/libg.a(lib_a-impure.o)
 .data          0x000000001ffff008        0x0 /usr/lib/gcc/arm-none-eabi/4.9.3/../../../arm-none-eabi/lib/libg.a(lib_a-init.o)
 .data          0x000000001ffff008        0x0 /usr/lib/gcc/arm-none-eabi/4.9.3/../../../arm-none-eabi/lib/libg.a(lib_a-malloc.o)
 .data          0x000000001ffff008        0x0 /usr/lib/gcc/arm-none-eabi/4.9.3/../../../arm-none-eabi/lib/libg.a(lib_a-mallocr.o)
 .data          0x000000001ffff008        0x0 /usr/lib/gcc/arm-none-eabi/4.9.3/../../../arm-none-eabi/lib/libg.a(lib_a-memset.o)
 .data          0x000000001ffff008        0x0 /usr/lib/gcc/arm-none-eabi/4.9.3/../../../arm-none-eabi/lib/libg.a(lib_a-mlock.o)
 .data          0x000000001ffff008        0x0 /usr/lib/gcc/arm-none-eabi/4.9.3/../../../arm-none-eabi/lib/libg.a(lib_a-sbrkr.o)
 .data          0x000000001ffff008        0x0 /usr/lib/gcc/arm-none-eabi/4.9.3/../../../arm-none-eabi/lib/libg.a(lib_a-__atexit.o)
 .data          0x000000001ffff008        0x0 /usr/lib/gcc/arm-none-eabi/4.9.3/../../../arm-none-eabi/lib/libg.a(lib_a-__call_atexit.o)
 .data          0x000000001ffff008        0x0 /usr/lib/gcc/arm-none-eabi/4.9.3/../../../arm-none-eabi/lib/libg.a(lib_a-freer.o)
 .data          0x000000001ffff008        0x0 /usr/lib/gcc/arm-none-eabi/4.9.3/../../../arm-none-eabi/lib/libg.a(lib_a-reent.o)
 .data          0x000000001ffff008        0x0 /usr/lib/gcc/arm-none-eabi/4.9.3/../../../arm-none-eabi/lib/libnosys.a(sbrk.o)
 .data          0x000000001ffff008        0x0 /usr/lib/gcc/arm-none-eabi/4.9.3/../../../arm-none-eabi/lib/libnosys.a(_exit.o)
 .data          0x000000001ffff008        0x0 /usr/lib/gcc/arm-none-eabi/4.9.3/crtend.o
 .data          0x000000001ffff008        0x0 /usr/lib/gcc/arm-none-eabi/4.9.3/crtn.o
 *(.data*)
 .data.impure_data
                0x000000001ffff008      0x428 /usr/lib/gcc/arm-none-eabi/4.9.3/../../../arm-none-eabi/lib/libg.a(lib_a-impure.o)
 .data._impure_ptr
                0x000000001ffff430        0x4 /usr/lib/gcc/arm-none-eabi/4.9.3/../../../arm-none-eabi/lib/libg.a(lib_a-impure.o)
                0x000000001ffff430                _impure_ptr
 .data.__malloc_av_
                0x000000001ffff434      0x408 /usr/lib/gcc/arm-none-eabi/4.9.3/../../../arm-none-eabi/lib/libg.a(lib_a-mallocr.o)
                0x000000001ffff434                __malloc_av_
 .data.__malloc_trim_threshold
                0x000000001ffff83c        0x4 /usr/lib/gcc/arm-none-eabi/4.9.3/../../../arm-none-eabi/lib/libg.a(lib_a-mallocr.o)
                0x000000001ffff83c                __malloc_trim_threshold
 .data.__malloc_sbrk_base
                0x000000001ffff840        0x4 /usr/lib/gcc/arm-none-eabi/4.9.3/../../../arm-none-eabi/lib/libg.a(lib_a-mallocr.o)
                0x000000001ffff840                __malloc_sbrk_base
 *(.jcr*)
 .jcr           0x000000001ffff844        0x0 /usr/lib/gcc/arm-none-eabi/4.9.3/crtbegin.o
 .jcr           0x000000001ffff844        0x4 /usr/lib/gcc/arm-none-eabi/4.9.3/crtend.o
                0x000000001ffff848                . = ALIGN (0x4)
                0x000000001ffff848                __data_end__ = .
                0x0000000000002bec                __DATA_END = (__DATA_ROM + (__data_end__ - __data_start__))

.tm_clone_table
                0x000000001ffff848        0x0 load address 0x0000000000002bec
 .tm_clone_table
                0x000000001ffff848        0x0 /usr/lib/gcc/arm-none-eabi/4.9.3/crtbegin.o
 .tm_clone_table
                0x000000001ffff848        0x0 /usr/lib/gcc/arm-none-eabi/4.9.3/crtend.o

.igot.plt       0x000000001ffff848        0x0 load address 0x0000000000002bec
 .igot.plt      0x000000001ffff848        0x0 /usr/lib/gcc/arm-none-eabi/4.9.3/crtbegin.o

.bss            0x000000001ffff848       0x5c load address 0x0000000000002bec
                0x000000001ffff848                . = ALIGN (0x4)
                0x000000001ffff848                __START_BSS = .
                0x000000001ffff848                __bss_start__ = .
 *(.bss)
 .bss           0x000000001ffff848        0x0 /usr/lib/gcc/arm-none-eabi/4.9.3/crti.o
 .bss           0x000000001ffff848       0x1c /usr/lib/gcc/arm-none-eabi/4.9.3/crtbegin.o
 .bss           0x000000001ffff864        0x0 /usr/lib/gcc/arm-none-eabi/4.9.3/../../../arm-none-eabi/lib/crt0.o
 .bss           0x000000001ffff864        0x0 ./memory.o
 .bss           0x000000001ffff864        0x0 ./main.o
 .bss           0x000000001ffff864        0x0 ./dma.o
 .bss           0x000000001ffff864        0x1 ./mem_profiler_kl25z.o
                0x000000001ffff864                wait_state
 .bss           0x000000001ffff865        0x0 ./project3.o
 .bss           0x000000001ffff865        0x0 ./system_MKL25Z4.o
 .bss           0x000000001ffff865        0x0 /tmp/ccA7qOQf.o
 .bss           0x000000001ffff865        0x0 /usr/lib/gcc/arm-none-eabi/4.9.3/libgcc.a(_udivsi3.o)
 .bss           0x000000001ffff865        0x0 /usr/lib/gcc/arm-none-eabi/4.9.3/libgcc.a(_dvmd_tls.o)
 .bss           0x000000001ffff865        0x0 /usr/lib/gcc/arm-none-eabi/4.9.3/../../../arm-none-eabi/lib/libg.a(lib_a-atexit.o)
 .bss           0x000000001ffff865        0x0 /usr/lib/gcc/arm-none-eabi/4.9.3/../../../arm-none-eabi/lib/libg.a(lib_a-exit.o)
 .bss           0x000000001ffff865        0x0 /usr/lib/gcc/arm-none-eabi/4.9.3/../../../arm-none-eabi/lib/libg.a(lib_a-fini.o)
 .bss           0x000000001ffff865        0x0 /usr/lib/gcc/arm-none-eabi/4.9.3/../../../arm-none-eabi/lib/libg.a(lib_a-impure.o)
 .bss           0x000000001ffff865        0x0 /usr/lib/gcc/arm-none-eabi/4.9.3/../../../arm-none-eabi/lib/libg.a(lib_a-init.o)
 .bss           0x000000001ffff865        0x0 /usr/lib/gcc/arm-none-eabi/4.9.3/../../../arm-none-eabi/lib/libg.a(lib_a-malloc.o)
 .bss           0x000000001ffff865        0x0 /usr/lib/gcc/arm-none-eabi/4.9.3/../../../arm-none-eabi/lib/libg.a(lib_a-mallocr.o)
 .bss           0x000000001ffff865        0x0 /usr/lib/gcc/arm-none-eabi/4.9.3/../../../arm-none-eabi/lib/libg.a(lib_a-memset.o)
 .bss           0x000000001ffff865        0x0 /usr/lib/gcc/arm-none-eabi/4.9.3/../../../arm-none-eabi/lib/libg.a(lib_a-mlock.o)
 .bss           0x000000001ffff865        0x0 /usr/lib/gcc/arm-none-eabi/4.9.3/../../../arm-none-eabi/lib/libg.a(lib_a-sbrkr.o)
 .bss           0x000000001ffff865        0x0 /usr/lib/gcc/arm-none-eabi/4.9.3/../../../arm-none-eabi/lib/libg.a(lib_a-__atexit.o)
 .bss           0x000000001ffff865        0x0 /usr/lib/gcc/arm-none-eabi/4.9.3/../../../arm-none-eabi/lib/libg.a(lib_a-__call_atexit.o)
 .bss           0x000000001ffff865        0x0 /usr/lib/gcc/arm-none-eabi/4.9.3/../../../arm-none-eabi/lib/libg.a(lib_a-freer.o)
 .bss           0x000000001ffff865        0x0 /usr/lib/gcc/arm-none-eabi/4.9.3/../../../arm-none-eabi/lib/libg.a(lib_a-reent.o)
 .bss           0x000000001ffff865        0x0 /usr/lib/gcc/arm-none-eabi/4.9.3/../../../arm-none-eabi/lib/libnosys.a(sbrk.o)
 .bss           0x000000001ffff865        0x0 /usr/lib/gcc/arm-none-eabi/4.9.3/../../../arm-none-eabi/lib/libnosys.a(_exit.o)
 .bss           0x000000001ffff865        0x0 /usr/lib/gcc/arm-none-eabi/4.9.3/crtend.o
 .bss           0x000000001ffff865        0x0 /usr/lib/gcc/arm-none-eabi/4.9.3/crtn.o
 *(.bss*)
 *fill*         0x000000001ffff865        0x3 
 .bss.__malloc_max_total_mem
                0x000000001ffff868        0x4 /usr/lib/gcc/arm-none-eabi/4.9.3/../../../arm-none-eabi/lib/libg.a(lib_a-mallocr.o)
                0x000000001ffff868                __malloc_max_total_mem
 .bss.__malloc_max_sbrked_mem
                0x000000001ffff86c        0x4 /usr/lib/gcc/arm-none-eabi/4.9.3/../../../arm-none-eabi/lib/libg.a(lib_a-mallocr.o)
                0x000000001ffff86c                __malloc_max_sbrked_mem
 .bss.__malloc_top_pad
                0x000000001ffff870        0x4 /usr/lib/gcc/arm-none-eabi/4.9.3/../../../arm-none-eabi/lib/libg.a(lib_a-mallocr.o)
                0x000000001ffff870                __malloc_top_pad
 .bss.__malloc_current_mallinfo
                0x000000001ffff874       0x28 /usr/lib/gcc/arm-none-eabi/4.9.3/../../../arm-none-eabi/lib/libg.a(lib_a-mallocr.o)
                0x000000001ffff874                __malloc_current_mallinfo
 .bss.heap_end.4079
                0x000000001ffff89c        0x4 /usr/lib/gcc/arm-none-eabi/4.9.3/../../../arm-none-eabi/lib/libnosys.a(sbrk.o)
 *(COMMON)
 COMMON         0x000000001ffff8a0        0x4 /usr/lib/gcc/arm-none-eabi/4.9.3/../../../arm-none-eabi/lib/libg.a(lib_a-reent.o)
                0x000000001ffff8a0                errno
                0x000000001ffff8a4                . = ALIGN (0x4)
                0x000000001ffff8a4                __bss_end__ = .
                0x000000001ffff8a4                __END_BSS = .

.heap           0x000000001ffff8a4      0x404 load address 0x0000000000002c48
                0x000000001ffff8a8                . = ALIGN (0x8)
 *fill*         0x000000001ffff8a4        0x4 
                0x000000001ffff8a8                __end__ = .
                0x000000001ffff8a8                PROVIDE (end, .)
                0x000000001ffff8a8                __HeapBase = .
                0x000000001ffffca8                . = (. + HEAP_SIZE)
 *fill*         0x000000001ffff8a8      0x400 
                0x000000001ffffca8                __HeapLimit = .

.stack          0x000000001ffffca8      0x400 load address 0x000000000000304c
                0x000000001ffffca8                . = ALIGN (0x8)
                0x00000000200000a8                . = (. + STACK_SIZE)
 *fill*         0x000000001ffffca8      0x400 
                0x0000000020003000                __StackTop = (ORIGIN (m_data) + LENGTH (m_data))
                0x0000000020002c00                __StackLimit = (__StackTop - STACK_SIZE)
                0x0000000020003000                PROVIDE (__stack, __StackTop)

.ARM.attributes
                0x0000000000000000       0x31
 *(.ARM.attributes)
 .ARM.attributes
                0x0000000000000000       0x16 /usr/lib/gcc/arm-none-eabi/4.9.3/crti.o
 .ARM.attributes
                0x0000000000000016       0x30 /usr/lib/gcc/arm-none-eabi/4.9.3/crtbegin.o
 .ARM.attributes
                0x0000000000000046       0x14 /usr/lib/gcc/arm-none-eabi/4.9.3/../../../arm-none-eabi/lib/crt0.o
 .ARM.attributes
                0x000000000000005a       0x32 ./memory.o
 .ARM.attributes
                0x000000000000008c       0x32 ./main.o
 .ARM.attributes
                0x00000000000000be       0x32 ./dma.o
 .ARM.attributes
                0x00000000000000f0       0x32 ./mem_profiler_kl25z.o
 .ARM.attributes
                0x0000000000000122       0x32 ./project3.o
 .ARM.attributes
                0x0000000000000154       0x32 ./system_MKL25Z4.o
 .ARM.attributes
                0x0000000000000186       0x1f /tmp/ccA7qOQf.o
 .ARM.attributes
                0x00000000000001a5       0x18 /usr/lib/gcc/arm-none-eabi/4.9.3/libgcc.a(_udivsi3.o)
 .ARM.attributes
                0x00000000000001bd       0x18 /usr/lib/gcc/arm-none-eabi/4.9.3/libgcc.a(_dvmd_tls.o)
 .ARM.attributes
                0x00000000000001d5       0x30 /usr/lib/gcc/arm-none-eabi/4.9.3/../../../arm-none-eabi/lib/libg.a(lib_a-atexit.o)
 .ARM.attributes
                0x0000000000000205       0x30 /usr/lib/gcc/arm-none-eabi/4.9.3/../../../arm-none-eabi/lib/libg.a(lib_a-exit.o)
 .ARM.attributes
                0x0000000000000235       0x30 /usr/lib/gcc/arm-none-eabi/4.9.3/../../../arm-none-eabi/lib/libg.a(lib_a-fini.o)
 .ARM.attributes
                0x0000000000000265       0x30 /usr/lib/gcc/arm-none-eabi/4.9.3/../../../arm-none-eabi/lib/libg.a(lib_a-impure.o)
 .ARM.attributes
                0x0000000000000295       0x30 /usr/lib/gcc/arm-none-eabi/4.9.3/../../../arm-none-eabi/lib/libg.a(lib_a-init.o)
 .ARM.attributes
                0x00000000000002c5       0x30 /usr/lib/gcc/arm-none-eabi/4.9.3/../../../arm-none-eabi/lib/libg.a(lib_a-malloc.o)
 .ARM.attributes
                0x00000000000002f5       0x30 /usr/lib/gcc/arm-none-eabi/4.9.3/../../../arm-none-eabi/lib/libg.a(lib_a-mallocr.o)
 .ARM.attributes
                0x0000000000000325       0x30 /usr/lib/gcc/arm-none-eabi/4.9.3/../../../arm-none-eabi/lib/libg.a(lib_a-memset.o)
 .ARM.attributes
                0x0000000000000355       0x30 /usr/lib/gcc/arm-none-eabi/4.9.3/../../../arm-none-eabi/lib/libg.a(lib_a-mlock.o)
 .ARM.attributes
                0x0000000000000385       0x30 /usr/lib/gcc/arm-none-eabi/4.9.3/../../../arm-none-eabi/lib/libg.a(lib_a-sbrkr.o)
 .ARM.attributes
                0x00000000000003b5       0x30 /usr/lib/gcc/arm-none-eabi/4.9.3/../../../arm-none-eabi/lib/libg.a(lib_a-__atexit.o)
 .ARM.attributes
                0x00000000000003e5       0x30 /usr/lib/gcc/arm-none-eabi/4.9.3/../../../arm-none-eabi/lib/libg.a(lib_a-__call_atexit.o)
 .ARM.attributes
                0x0000000000000415       0x30 /usr/lib/gcc/arm-none-eabi/4.9.3/../../../arm-none-eabi/lib/libg.a(lib_a-freer.o)
 .ARM.attributes
                0x0000000000000445       0x30 /usr/lib/gcc/arm-none-eabi/4.9.3/../../../arm-none-eabi/lib/libg.a(lib_a-reent.o)
 .ARM.attributes
                0x0000000000000475       0x30 /usr/lib/gcc/arm-none-eabi/4.9.3/../../../arm-none-eabi/lib/libnosys.a(sbrk.o)
 .ARM.attributes
                0x00000000000004a5       0x30 /usr/lib/gcc/arm-none-eabi/4.9.3/../../../arm-none-eabi/lib/libnosys.a(_exit.o)
 .ARM.attributes
                0x00000000000004d5       0x30 /usr/lib/gcc/arm-none-eabi/4.9.3/crtend.o
 .ARM.attributes
                0x0000000000000505       0x18 /usr/lib/gcc/arm-none-eabi/4.9.3/crtn.o
                0x0000000000000001                ASSERT ((__StackLimit >= __HeapLimit), region m_data overflowed with stack and heap)
OUTPUT(project3.elf elf32-littlearm)

.comment        0x0000000000000000       0x70
 .comment       0x0000000000000000       0x38 /usr/lib/gcc/arm-none-eabi/4.9.3/crtbegin.o
                                         0x39 (size before relaxing)
 .comment       0x0000000000000038       0x39 ./memory.o
 .comment       0x0000000000000038       0x39 ./main.o
 .comment       0x0000000000000038       0x39 ./dma.o
 .comment       0x0000000000000038       0x39 ./mem_profiler_kl25z.o
 .comment       0x0000000000000038       0x39 ./project3.o
 .comment       0x0000000000000038       0x39 ./system_MKL25Z4.o
 .comment       0x0000000000000038       0x38 /usr/lib/gcc/arm-none-eabi/4.9.3/../../../arm-none-eabi/lib/libg.a(lib_a-atexit.o)
                                         0x39 (size before relaxing)
 .comment       0x0000000000000070       0x39 /usr/lib/gcc/arm-none-eabi/4.9.3/../../../arm-none-eabi/lib/libg.a(lib_a-exit.o)
 .comment       0x0000000000000070       0x39 /usr/lib/gcc/arm-none-eabi/4.9.3/../../../arm-none-eabi/lib/libg.a(lib_a-fini.o)
 .comment       0x0000000000000070       0x39 /usr/lib/gcc/arm-none-eabi/4.9.3/../../../arm-none-eabi/lib/libg.a(lib_a-impure.o)
 .comment       0x0000000000000070       0x39 /usr/lib/gcc/arm-none-eabi/4.9.3/../../../arm-none-eabi/lib/libg.a(lib_a-init.o)
 .comment       0x0000000000000070       0x39 /usr/lib/gcc/arm-none-eabi/4.9.3/../../../arm-none-eabi/lib/libg.a(lib_a-malloc.o)
 .comment       0x0000000000000070       0x39 /usr/lib/gcc/arm-none-eabi/4.9.3/../../../arm-none-eabi/lib/libg.a(lib_a-mallocr.o)
 .comment       0x0000000000000070       0x39 /usr/lib/gcc/arm-none-eabi/4.9.3/../../../arm-none-eabi/lib/libg.a(lib_a-memset.o)
 .comment       0x0000000000000070       0x39 /usr/lib/gcc/arm-none-eabi/4.9.3/../../../arm-none-eabi/lib/libg.a(lib_a-mlock.o)
 .comment       0x0000000000000070       0x39 /usr/lib/gcc/arm-none-eabi/4.9.3/../../../arm-none-eabi/lib/libg.a(lib_a-sbrkr.o)
 .comment       0x0000000000000070       0x39 /usr/lib/gcc/arm-none-eabi/4.9.3/../../../arm-none-eabi/lib/libg.a(lib_a-__atexit.o)
 .comment       0x0000000000000070       0x39 /usr/lib/gcc/arm-none-eabi/4.9.3/../../../arm-none-eabi/lib/libg.a(lib_a-__call_atexit.o)
 .comment       0x0000000000000070       0x39 /usr/lib/gcc/arm-none-eabi/4.9.3/../../../arm-none-eabi/lib/libg.a(lib_a-freer.o)
 .comment       0x0000000000000070       0x39 /usr/lib/gcc/arm-none-eabi/4.9.3/../../../arm-none-eabi/lib/libg.a(lib_a-reent.o)
 .comment       0x0000000000000070       0x39 /usr/lib/gcc/arm-none-eabi/4.9.3/../../../arm-none-eabi/lib/libnosys.a(sbrk.o)
 .comment       0x0000000000000070       0x39 /usr/lib/gcc/arm-none-eabi/4.9.3/../../../arm-none-eabi/lib/libnosys.a(_exit.o)
 .comment       0x0000000000000070       0x39 /usr/lib/gcc/arm-none-eabi/4.9.3/crtend.o

.debug_line     0x0000000000000000     0x1b4e
 .debug_line    0x0000000000000000       0x92 /usr/lib/gcc/arm-none-eabi/4.9.3/../../../arm-none-eabi/lib/crt0.o
 .debug_line    0x0000000000000092      0x122 ./memory.o
 .debug_line    0x00000000000001b4       0x95 ./main.o
 .debug_line    0x0000000000000249       0xf7 ./dma.o
 .debug_line    0x0000000000000340       0xf7 ./mem_profiler_kl25z.o
 .debug_line    0x0000000000000437       0x3e ./project3.o
 .debug_line    0x0000000000000475       0xfb ./system_MKL25Z4.o
 .debug_line    0x0000000000000570       0x5c /tmp/ccA7qOQf.o
 .debug_line    0x00000000000005cc       0x78 /usr/lib/gcc/arm-none-eabi/4.9.3/libgcc.a(_udivsi3.o)
 .debug_line    0x0000000000000644       0x5b /usr/lib/gcc/arm-none-eabi/4.9.3/libgcc.a(_dvmd_tls.o)
 .debug_line    0x000000000000069f       0xc0 /usr/lib/gcc/arm-none-eabi/4.9.3/../../../arm-none-eabi/lib/libg.a(lib_a-atexit.o)
 .debug_line    0x000000000000075f      0x172 /usr/lib/gcc/arm-none-eabi/4.9.3/../../../arm-none-eabi/lib/libg.a(lib_a-exit.o)
 .debug_line    0x00000000000008d1       0x99 /usr/lib/gcc/arm-none-eabi/4.9.3/../../../arm-none-eabi/lib/libg.a(lib_a-fini.o)
 .debug_line    0x000000000000096a       0xee /usr/lib/gcc/arm-none-eabi/4.9.3/../../../arm-none-eabi/lib/libg.a(lib_a-impure.o)
 .debug_line    0x0000000000000a58       0xb3 /usr/lib/gcc/arm-none-eabi/4.9.3/../../../arm-none-eabi/lib/libg.a(lib_a-init.o)
 .debug_line    0x0000000000000b0b      0x16d /usr/lib/gcc/arm-none-eabi/4.9.3/../../../arm-none-eabi/lib/libg.a(lib_a-malloc.o)
 .debug_line    0x0000000000000c78      0x34d /usr/lib/gcc/arm-none-eabi/4.9.3/../../../arm-none-eabi/lib/libg.a(lib_a-mallocr.o)
 .debug_line    0x0000000000000fc5      0x11a /usr/lib/gcc/arm-none-eabi/4.9.3/../../../arm-none-eabi/lib/libg.a(lib_a-memset.o)
 .debug_line    0x00000000000010df      0x10c /usr/lib/gcc/arm-none-eabi/4.9.3/../../../arm-none-eabi/lib/libg.a(lib_a-mlock.o)
 .debug_line    0x00000000000011eb      0x166 /usr/lib/gcc/arm-none-eabi/4.9.3/../../../arm-none-eabi/lib/libg.a(lib_a-sbrkr.o)
 .debug_line    0x0000000000001351      0x18f /usr/lib/gcc/arm-none-eabi/4.9.3/../../../arm-none-eabi/lib/libg.a(lib_a-__atexit.o)
 .debug_line    0x00000000000014e0      0x1c3 /usr/lib/gcc/arm-none-eabi/4.9.3/../../../arm-none-eabi/lib/libg.a(lib_a-__call_atexit.o)
 .debug_line    0x00000000000016a3      0x261 /usr/lib/gcc/arm-none-eabi/4.9.3/../../../arm-none-eabi/lib/libg.a(lib_a-freer.o)
 .debug_line    0x0000000000001904      0x19b /usr/lib/gcc/arm-none-eabi/4.9.3/../../../arm-none-eabi/lib/libg.a(lib_a-reent.o)
 .debug_line    0x0000000000001a9f       0x55 /usr/lib/gcc/arm-none-eabi/4.9.3/../../../arm-none-eabi/lib/libnosys.a(sbrk.o)
 .debug_line    0x0000000000001af4       0x5a /usr/lib/gcc/arm-none-eabi/4.9.3/../../../arm-none-eabi/lib/libnosys.a(_exit.o)

.debug_info     0x0000000000000000     0x7572
 .debug_info    0x0000000000000000       0x9d /usr/lib/gcc/arm-none-eabi/4.9.3/../../../arm-none-eabi/lib/crt0.o
 .debug_info    0x000000000000009d      0x2ad ./memory.o
 .debug_info    0x000000000000034a       0xb4 ./main.o
 .debug_info    0x00000000000003fe      0x1d0 ./dma.o
 .debug_info    0x00000000000005ce      0x1d4 ./mem_profiler_kl25z.o
 .debug_info    0x00000000000007a2       0x8b ./project3.o
 .debug_info    0x000000000000082d      0x3e9 ./system_MKL25Z4.o
 .debug_info    0x0000000000000c16       0x63 /tmp/ccA7qOQf.o
 .debug_info    0x0000000000000c79       0xae /usr/lib/gcc/arm-none-eabi/4.9.3/libgcc.a(_udivsi3.o)
 .debug_info    0x0000000000000d27       0xae /usr/lib/gcc/arm-none-eabi/4.9.3/libgcc.a(_dvmd_tls.o)
 .debug_info    0x0000000000000dd5      0x10a /usr/lib/gcc/arm-none-eabi/4.9.3/../../../arm-none-eabi/lib/libg.a(lib_a-atexit.o)
 .debug_info    0x0000000000000edf      0x8e4 /usr/lib/gcc/arm-none-eabi/4.9.3/../../../arm-none-eabi/lib/libg.a(lib_a-exit.o)
 .debug_info    0x00000000000017c3       0xef /usr/lib/gcc/arm-none-eabi/4.9.3/../../../arm-none-eabi/lib/libg.a(lib_a-fini.o)
 .debug_info    0x00000000000018b2      0x894 /usr/lib/gcc/arm-none-eabi/4.9.3/../../../arm-none-eabi/lib/libg.a(lib_a-impure.o)
 .debug_info    0x0000000000002146      0x105 /usr/lib/gcc/arm-none-eabi/4.9.3/../../../arm-none-eabi/lib/libg.a(lib_a-init.o)
 .debug_info    0x000000000000224b      0x915 /usr/lib/gcc/arm-none-eabi/4.9.3/../../../arm-none-eabi/lib/libg.a(lib_a-malloc.o)
 .debug_info    0x0000000000002b60      0xd72 /usr/lib/gcc/arm-none-eabi/4.9.3/../../../arm-none-eabi/lib/libg.a(lib_a-mallocr.o)
 .debug_info    0x00000000000038d2      0x117 /usr/lib/gcc/arm-none-eabi/4.9.3/../../../arm-none-eabi/lib/libg.a(lib_a-memset.o)
 .debug_info    0x00000000000039e9      0x8b4 /usr/lib/gcc/arm-none-eabi/4.9.3/../../../arm-none-eabi/lib/libg.a(lib_a-mlock.o)
 .debug_info    0x000000000000429d      0x8f4 /usr/lib/gcc/arm-none-eabi/4.9.3/../../../arm-none-eabi/lib/libg.a(lib_a-sbrkr.o)
 .debug_info    0x0000000000004b91      0x934 /usr/lib/gcc/arm-none-eabi/4.9.3/../../../arm-none-eabi/lib/libg.a(lib_a-__atexit.o)
 .debug_info    0x00000000000054c5      0x9a9 /usr/lib/gcc/arm-none-eabi/4.9.3/../../../arm-none-eabi/lib/libg.a(lib_a-__call_atexit.o)
 .debug_info    0x0000000000005e6e      0xc1a /usr/lib/gcc/arm-none-eabi/4.9.3/../../../arm-none-eabi/lib/libg.a(lib_a-freer.o)
 .debug_info    0x0000000000006a88      0x9f9 /usr/lib/gcc/arm-none-eabi/4.9.3/../../../arm-none-eabi/lib/libg.a(lib_a-reent.o)
 .debug_info    0x0000000000007481       0x99 /usr/lib/gcc/arm-none-eabi/4.9.3/../../../arm-none-eabi/lib/libnosys.a(sbrk.o)
 .debug_info    0x000000000000751a       0x58 /usr/lib/gcc/arm-none-eabi/4.9.3/../../../arm-none-eabi/lib/libnosys.a(_exit.o)

.debug_abbrev   0x0000000000000000     0x1cd0
 .debug_abbrev  0x0000000000000000       0x14 /usr/lib/gcc/arm-none-eabi/4.9.3/../../../arm-none-eabi/lib/crt0.o
 .debug_abbrev  0x0000000000000014       0xc6 ./memory.o
 .debug_abbrev  0x00000000000000da       0x60 ./main.o
 .debug_abbrev  0x000000000000013a       0xb7 ./dma.o
 .debug_abbrev  0x00000000000001f1       0xbb ./mem_profiler_kl25z.o
 .debug_abbrev  0x00000000000002ac       0x42 ./project3.o
 .debug_abbrev  0x00000000000002ee      0x106 ./system_MKL25Z4.o
 .debug_abbrev  0x00000000000003f4       0x14 /tmp/ccA7qOQf.o
 .debug_abbrev  0x0000000000000408       0x14 /usr/lib/gcc/arm-none-eabi/4.9.3/libgcc.a(_udivsi3.o)
 .debug_abbrev  0x000000000000041c       0x14 /usr/lib/gcc/arm-none-eabi/4.9.3/libgcc.a(_dvmd_tls.o)
 .debug_abbrev  0x0000000000000430       0xb5 /usr/lib/gcc/arm-none-eabi/4.9.3/../../../arm-none-eabi/lib/libg.a(lib_a-atexit.o)
 .debug_abbrev  0x00000000000004e5      0x1e6 /usr/lib/gcc/arm-none-eabi/4.9.3/../../../arm-none-eabi/lib/libg.a(lib_a-exit.o)
 .debug_abbrev  0x00000000000006cb       0xba /usr/lib/gcc/arm-none-eabi/4.9.3/../../../arm-none-eabi/lib/libg.a(lib_a-fini.o)
 .debug_abbrev  0x0000000000000785      0x180 /usr/lib/gcc/arm-none-eabi/4.9.3/../../../arm-none-eabi/lib/libg.a(lib_a-impure.o)
 .debug_abbrev  0x0000000000000905       0xba /usr/lib/gcc/arm-none-eabi/4.9.3/../../../arm-none-eabi/lib/libg.a(lib_a-init.o)
 .debug_abbrev  0x00000000000009bf      0x1f7 /usr/lib/gcc/arm-none-eabi/4.9.3/../../../arm-none-eabi/lib/libg.a(lib_a-malloc.o)
 .debug_abbrev  0x0000000000000bb6      0x2b4 /usr/lib/gcc/arm-none-eabi/4.9.3/../../../arm-none-eabi/lib/libg.a(lib_a-mallocr.o)
 .debug_abbrev  0x0000000000000e6a       0x9f /usr/lib/gcc/arm-none-eabi/4.9.3/../../../arm-none-eabi/lib/libg.a(lib_a-memset.o)
 .debug_abbrev  0x0000000000000f09      0x19a /usr/lib/gcc/arm-none-eabi/4.9.3/../../../arm-none-eabi/lib/libg.a(lib_a-mlock.o)
 .debug_abbrev  0x00000000000010a3      0x1fd /usr/lib/gcc/arm-none-eabi/4.9.3/../../../arm-none-eabi/lib/libg.a(lib_a-sbrkr.o)
 .debug_abbrev  0x00000000000012a0      0x20f /usr/lib/gcc/arm-none-eabi/4.9.3/../../../arm-none-eabi/lib/libg.a(lib_a-__atexit.o)
 .debug_abbrev  0x00000000000014af      0x282 /usr/lib/gcc/arm-none-eabi/4.9.3/../../../arm-none-eabi/lib/libg.a(lib_a-__call_atexit.o)
 .debug_abbrev  0x0000000000001731      0x26b /usr/lib/gcc/arm-none-eabi/4.9.3/../../../arm-none-eabi/lib/libg.a(lib_a-freer.o)
 .debug_abbrev  0x000000000000199c      0x25c /usr/lib/gcc/arm-none-eabi/4.9.3/../../../arm-none-eabi/lib/libg.a(lib_a-reent.o)
 .debug_abbrev  0x0000000000001bf8       0x83 /usr/lib/gcc/arm-none-eabi/4.9.3/../../../arm-none-eabi/lib/libnosys.a(sbrk.o)
 .debug_abbrev  0x0000000000001c7b       0x55 /usr/lib/gcc/arm-none-eabi/4.9.3/../../../arm-none-eabi/lib/libnosys.a(_exit.o)

.debug_aranges  0x0000000000000000      0x360
 .debug_aranges
                0x0000000000000000       0x20 /usr/lib/gcc/arm-none-eabi/4.9.3/../../../arm-none-eabi/lib/crt0.o
 .debug_aranges
                0x0000000000000020       0x20 ./memory.o
 .debug_aranges
                0x0000000000000040       0x20 ./main.o
 .debug_aranges
                0x0000000000000060       0x20 ./dma.o
 .debug_aranges
                0x0000000000000080       0x20 ./mem_profiler_kl25z.o
 .debug_aranges
                0x00000000000000a0       0x20 ./project3.o
 .debug_aranges
                0x00000000000000c0       0x20 ./system_MKL25Z4.o
 .debug_aranges
                0x00000000000000e0       0x20 /tmp/ccA7qOQf.o
 .debug_aranges
                0x0000000000000100       0x20 /usr/lib/gcc/arm-none-eabi/4.9.3/libgcc.a(_udivsi3.o)
 .debug_aranges
                0x0000000000000120       0x20 /usr/lib/gcc/arm-none-eabi/4.9.3/libgcc.a(_dvmd_tls.o)
 .debug_aranges
                0x0000000000000140       0x20 /usr/lib/gcc/arm-none-eabi/4.9.3/../../../arm-none-eabi/lib/libg.a(lib_a-atexit.o)
 .debug_aranges
                0x0000000000000160       0x20 /usr/lib/gcc/arm-none-eabi/4.9.3/../../../arm-none-eabi/lib/libg.a(lib_a-exit.o)
 .debug_aranges
                0x0000000000000180       0x20 /usr/lib/gcc/arm-none-eabi/4.9.3/../../../arm-none-eabi/lib/libg.a(lib_a-fini.o)
 .debug_aranges
                0x00000000000001a0       0x18 /usr/lib/gcc/arm-none-eabi/4.9.3/../../../arm-none-eabi/lib/libg.a(lib_a-impure.o)
 .debug_aranges
                0x00000000000001b8       0x20 /usr/lib/gcc/arm-none-eabi/4.9.3/../../../arm-none-eabi/lib/libg.a(lib_a-init.o)
 .debug_aranges
                0x00000000000001d8       0x28 /usr/lib/gcc/arm-none-eabi/4.9.3/../../../arm-none-eabi/lib/libg.a(lib_a-malloc.o)
 .debug_aranges
                0x0000000000000200       0x20 /usr/lib/gcc/arm-none-eabi/4.9.3/../../../arm-none-eabi/lib/libg.a(lib_a-mallocr.o)
 .debug_aranges
                0x0000000000000220       0x20 /usr/lib/gcc/arm-none-eabi/4.9.3/../../../arm-none-eabi/lib/libg.a(lib_a-memset.o)
 .debug_aranges
                0x0000000000000240       0x28 /usr/lib/gcc/arm-none-eabi/4.9.3/../../../arm-none-eabi/lib/libg.a(lib_a-mlock.o)
 .debug_aranges
                0x0000000000000268       0x20 /usr/lib/gcc/arm-none-eabi/4.9.3/../../../arm-none-eabi/lib/libg.a(lib_a-sbrkr.o)
 .debug_aranges
                0x0000000000000288       0x20 /usr/lib/gcc/arm-none-eabi/4.9.3/../../../arm-none-eabi/lib/libg.a(lib_a-__atexit.o)
 .debug_aranges
                0x00000000000002a8       0x28 /usr/lib/gcc/arm-none-eabi/4.9.3/../../../arm-none-eabi/lib/libg.a(lib_a-__call_atexit.o)
 .debug_aranges
                0x00000000000002d0       0x28 /usr/lib/gcc/arm-none-eabi/4.9.3/../../../arm-none-eabi/lib/libg.a(lib_a-freer.o)
 .debug_aranges
                0x00000000000002f8       0x28 /usr/lib/gcc/arm-none-eabi/4.9.3/../../../arm-none-eabi/lib/libg.a(lib_a-reent.o)
 .debug_aranges
                0x0000000000000320       0x20 /usr/lib/gcc/arm-none-eabi/4.9.3/../../../arm-none-eabi/lib/libnosys.a(sbrk.o)
 .debug_aranges
                0x0000000000000340       0x20 /usr/lib/gcc/arm-none-eabi/4.9.3/../../../arm-none-eabi/lib/libnosys.a(_exit.o)

.debug_str      0x0000000000000000     0x10d6
 .debug_str     0x0000000000000000      0x1a0 ./memory.o
                                        0x1f0 (size before relaxing)
 .debug_str     0x00000000000001a0        0xc ./main.o
                                        0x15b (size before relaxing)
 .debug_str     0x00000000000001ac       0x75 ./dma.o
                                        0x1f6 (size before relaxing)
 .debug_str     0x0000000000000221       0xef ./mem_profiler_kl25z.o
                                        0x256 (size before relaxing)
 .debug_str     0x0000000000000310       0x14 ./project3.o
                                        0x14f (size before relaxing)
 .debug_str     0x0000000000000324      0x141 ./system_MKL25Z4.o
                                        0x2b1 (size before relaxing)
 .debug_str     0x0000000000000465      0x126 /usr/lib/gcc/arm-none-eabi/4.9.3/../../../arm-none-eabi/lib/libg.a(lib_a-atexit.o)
                                        0x1bf (size before relaxing)
 .debug_str     0x000000000000058b      0x3d4 /usr/lib/gcc/arm-none-eabi/4.9.3/../../../arm-none-eabi/lib/libg.a(lib_a-exit.o)
                                        0x55c (size before relaxing)
 .debug_str     0x000000000000095f       0xb8 /usr/lib/gcc/arm-none-eabi/4.9.3/../../../arm-none-eabi/lib/libg.a(lib_a-fini.o)
                                        0x1b7 (size before relaxing)
 .debug_str     0x0000000000000a17       0x92 /usr/lib/gcc/arm-none-eabi/4.9.3/../../../arm-none-eabi/lib/libg.a(lib_a-impure.o)
                                        0x553 (size before relaxing)
 .debug_str     0x0000000000000aa9       0x87 /usr/lib/gcc/arm-none-eabi/4.9.3/../../../arm-none-eabi/lib/libg.a(lib_a-init.o)
                                        0x1e1 (size before relaxing)
 .debug_str     0x0000000000000b30       0x4e /usr/lib/gcc/arm-none-eabi/4.9.3/../../../arm-none-eabi/lib/libg.a(lib_a-malloc.o)
                                        0x567 (size before relaxing)
 .debug_str     0x0000000000000b7e      0x21e /usr/lib/gcc/arm-none-eabi/4.9.3/../../../arm-none-eabi/lib/libg.a(lib_a-mallocr.o)
                                        0x762 (size before relaxing)
 .debug_str     0x0000000000000d9c       0x9c /usr/lib/gcc/arm-none-eabi/4.9.3/../../../arm-none-eabi/lib/libg.a(lib_a-memset.o)
                                        0x196 (size before relaxing)
 .debug_str     0x0000000000000e38       0x3f /usr/lib/gcc/arm-none-eabi/4.9.3/../../../arm-none-eabi/lib/libg.a(lib_a-mlock.o)
                                        0x55c (size before relaxing)
 .debug_str     0x0000000000000e77       0x34 /usr/lib/gcc/arm-none-eabi/4.9.3/../../../arm-none-eabi/lib/libg.a(lib_a-sbrkr.o)
                                        0x54a (size before relaxing)
 .debug_str     0x0000000000000eab       0x2d /usr/lib/gcc/arm-none-eabi/4.9.3/../../../arm-none-eabi/lib/libg.a(lib_a-__atexit.o)
                                        0x59b (size before relaxing)
 .debug_str     0x0000000000000ed8       0x68 /usr/lib/gcc/arm-none-eabi/4.9.3/../../../arm-none-eabi/lib/libg.a(lib_a-__call_atexit.o)
                                        0x5b3 (size before relaxing)
 .debug_str     0x0000000000000f40       0x34 /usr/lib/gcc/arm-none-eabi/4.9.3/../../../arm-none-eabi/lib/libg.a(lib_a-freer.o)
                                        0x6ac (size before relaxing)
 .debug_str     0x0000000000000f74       0x55 /usr/lib/gcc/arm-none-eabi/4.9.3/../../../arm-none-eabi/lib/libg.a(lib_a-reent.o)
                                        0x572 (size before relaxing)
 .debug_str     0x0000000000000fc9       0xe7 /usr/lib/gcc/arm-none-eabi/4.9.3/../../../arm-none-eabi/lib/libnosys.a(sbrk.o)
                                        0x100 (size before relaxing)
 .debug_str     0x00000000000010b0       0x26 /usr/lib/gcc/arm-none-eabi/4.9.3/../../../arm-none-eabi/lib/libnosys.a(_exit.o)
                                         0xe0 (size before relaxing)

.debug_frame    0x0000000000000000      0x6c8
 .debug_frame   0x0000000000000000       0xf0 ./memory.o
 .debug_frame   0x00000000000000f0       0x30 ./main.o
 .debug_frame   0x0000000000000120       0x88 ./dma.o
 .debug_frame   0x00000000000001a8       0xa4 ./mem_profiler_kl25z.o
 .debug_frame   0x000000000000024c       0x2c ./project3.o
 .debug_frame   0x0000000000000278       0x4c ./system_MKL25Z4.o
 .debug_frame   0x00000000000002c4       0x20 /usr/lib/gcc/arm-none-eabi/4.9.3/libgcc.a(_udivsi3.o)
 .debug_frame   0x00000000000002e4       0x2c /usr/lib/gcc/arm-none-eabi/4.9.3/../../../arm-none-eabi/lib/libg.a(lib_a-atexit.o)
 .debug_frame   0x0000000000000310       0x28 /usr/lib/gcc/arm-none-eabi/4.9.3/../../../arm-none-eabi/lib/libg.a(lib_a-exit.o)
 .debug_frame   0x0000000000000338       0x34 /usr/lib/gcc/arm-none-eabi/4.9.3/../../../arm-none-eabi/lib/libg.a(lib_a-fini.o)
 .debug_frame   0x000000000000036c       0x34 /usr/lib/gcc/arm-none-eabi/4.9.3/../../../arm-none-eabi/lib/libg.a(lib_a-init.o)
 .debug_frame   0x00000000000003a0       0x48 /usr/lib/gcc/arm-none-eabi/4.9.3/../../../arm-none-eabi/lib/libg.a(lib_a-malloc.o)
 .debug_frame   0x00000000000003e8       0x84 /usr/lib/gcc/arm-none-eabi/4.9.3/../../../arm-none-eabi/lib/libg.a(lib_a-mallocr.o)
 .debug_frame   0x000000000000046c       0x30 /usr/lib/gcc/arm-none-eabi/4.9.3/../../../arm-none-eabi/lib/libg.a(lib_a-memset.o)
 .debug_frame   0x000000000000049c       0x30 /usr/lib/gcc/arm-none-eabi/4.9.3/../../../arm-none-eabi/lib/libg.a(lib_a-mlock.o)
 .debug_frame   0x00000000000004cc       0x3c /usr/lib/gcc/arm-none-eabi/4.9.3/../../../arm-none-eabi/lib/libg.a(lib_a-sbrkr.o)
 .debug_frame   0x0000000000000508       0x3c /usr/lib/gcc/arm-none-eabi/4.9.3/../../../arm-none-eabi/lib/libg.a(lib_a-__atexit.o)
 .debug_frame   0x0000000000000544       0x68 /usr/lib/gcc/arm-none-eabi/4.9.3/../../../arm-none-eabi/lib/libg.a(lib_a-__call_atexit.o)
 .debug_frame   0x00000000000005ac       0x78 /usr/lib/gcc/arm-none-eabi/4.9.3/../../../arm-none-eabi/lib/libg.a(lib_a-freer.o)
 .debug_frame   0x0000000000000624       0x64 /usr/lib/gcc/arm-none-eabi/4.9.3/../../../arm-none-eabi/lib/libg.a(lib_a-reent.o)
 .debug_frame   0x0000000000000688       0x20 /usr/lib/gcc/arm-none-eabi/4.9.3/../../../arm-none-eabi/lib/libnosys.a(sbrk.o)
 .debug_frame   0x00000000000006a8       0x20 /usr/lib/gcc/arm-none-eabi/4.9.3/../../../arm-none-eabi/lib/libnosys.a(_exit.o)

.debug_loc      0x0000000000000000     0x1709
 .debug_loc     0x0000000000000000       0x2c /usr/lib/gcc/arm-none-eabi/4.9.3/../../../arm-none-eabi/lib/libg.a(lib_a-atexit.o)
 .debug_loc     0x000000000000002c       0x1e /usr/lib/gcc/arm-none-eabi/4.9.3/../../../arm-none-eabi/lib/libg.a(lib_a-exit.o)
 .debug_loc     0x000000000000004a       0x5c /usr/lib/gcc/arm-none-eabi/4.9.3/../../../arm-none-eabi/lib/libg.a(lib_a-fini.o)
 .debug_loc     0x00000000000000a6       0xa2 /usr/lib/gcc/arm-none-eabi/4.9.3/../../../arm-none-eabi/lib/libg.a(lib_a-init.o)
 .debug_loc     0x0000000000000148       0x58 /usr/lib/gcc/arm-none-eabi/4.9.3/../../../arm-none-eabi/lib/libg.a(lib_a-malloc.o)
 .debug_loc     0x00000000000001a0      0xaaa /usr/lib/gcc/arm-none-eabi/4.9.3/../../../arm-none-eabi/lib/libg.a(lib_a-mallocr.o)
 .debug_loc     0x0000000000000c4a      0x198 /usr/lib/gcc/arm-none-eabi/4.9.3/../../../arm-none-eabi/lib/libg.a(lib_a-memset.o)
 .debug_loc     0x0000000000000de2       0x66 /usr/lib/gcc/arm-none-eabi/4.9.3/../../../arm-none-eabi/lib/libg.a(lib_a-sbrkr.o)
 .debug_loc     0x0000000000000e48      0x11b /usr/lib/gcc/arm-none-eabi/4.9.3/../../../arm-none-eabi/lib/libg.a(lib_a-__atexit.o)
 .debug_loc     0x0000000000000f63      0x1ac /usr/lib/gcc/arm-none-eabi/4.9.3/../../../arm-none-eabi/lib/libg.a(lib_a-__call_atexit.o)
 .debug_loc     0x000000000000110f      0x4c4 /usr/lib/gcc/arm-none-eabi/4.9.3/../../../arm-none-eabi/lib/libg.a(lib_a-freer.o)
 .debug_loc     0x00000000000015d3      0x115 /usr/lib/gcc/arm-none-eabi/4.9.3/../../../arm-none-eabi/lib/libg.a(lib_a-reent.o)
 .debug_loc     0x00000000000016e8       0x21 /usr/lib/gcc/arm-none-eabi/4.9.3/../../../arm-none-eabi/lib/libnosys.a(sbrk.o)

.debug_ranges   0x0000000000000000      0x160
 .debug_ranges  0x0000000000000000       0x10 /usr/lib/gcc/arm-none-eabi/4.9.3/../../../arm-none-eabi/lib/libg.a(lib_a-atexit.o)
 .debug_ranges  0x0000000000000010       0x10 /usr/lib/gcc/arm-none-eabi/4.9.3/../../../arm-none-eabi/lib/libg.a(lib_a-exit.o)
 .debug_ranges  0x0000000000000020       0x10 /usr/lib/gcc/arm-none-eabi/4.9.3/../../../arm-none-eabi/lib/libg.a(lib_a-fini.o)
 .debug_ranges  0x0000000000000030       0x10 /usr/lib/gcc/arm-none-eabi/4.9.3/../../../arm-none-eabi/lib/libg.a(lib_a-init.o)
 .debug_ranges  0x0000000000000040       0x18 /usr/lib/gcc/arm-none-eabi/4.9.3/../../../arm-none-eabi/lib/libg.a(lib_a-malloc.o)
 .debug_ranges  0x0000000000000058       0x30 /usr/lib/gcc/arm-none-eabi/4.9.3/../../../arm-none-eabi/lib/libg.a(lib_a-mallocr.o)
 .debug_ranges  0x0000000000000088       0x10 /usr/lib/gcc/arm-none-eabi/4.9.3/../../../arm-none-eabi/lib/libg.a(lib_a-memset.o)
 .debug_ranges  0x0000000000000098       0x18 /usr/lib/gcc/arm-none-eabi/4.9.3/../../../arm-none-eabi/lib/libg.a(lib_a-mlock.o)
 .debug_ranges  0x00000000000000b0       0x10 /usr/lib/gcc/arm-none-eabi/4.9.3/../../../arm-none-eabi/lib/libg.a(lib_a-sbrkr.o)
 .debug_ranges  0x00000000000000c0       0x10 /usr/lib/gcc/arm-none-eabi/4.9.3/../../../arm-none-eabi/lib/libg.a(lib_a-__atexit.o)
 .debug_ranges  0x00000000000000d0       0x40 /usr/lib/gcc/arm-none-eabi/4.9.3/../../../arm-none-eabi/lib/libg.a(lib_a-__call_atexit.o)
 .debug_ranges  0x0000000000000110       0x18 /usr/lib/gcc/arm-none-eabi/4.9.3/../../../arm-none-eabi/lib/libg.a(lib_a-freer.o)
 .debug_ranges  0x0000000000000128       0x18 /usr/lib/gcc/arm-none-eabi/4.9.3/../../../arm-none-eabi/lib/libg.a(lib_a-reent.o)
 .debug_ranges  0x0000000000000140       0x10 /usr/lib/gcc/arm-none-eabi/4.9.3/../../../arm-none-eabi/lib/libnosys.a(sbrk.o)
 .debug_ranges  0x0000000000000150       0x10 /usr/lib/gcc/arm-none-eabi/4.9.3/../../../arm-none-eabi/lib/libnosys.a(_exit.o)
